Archive member included to satisfy reference by file (symbol)

/usr/lib/gcc/arm-none-eabi/13.2.1/../../../arm-none-eabi/lib/thumb/v7e-m+fp/hard/libc_nano.a(libc_a-init.o)
                              /usr/lib/gcc/arm-none-eabi/13.2.1/../../../arm-none-eabi/lib/thumb/v7e-m+fp/hard/crt0.o (__libc_init_array)
/usr/lib/gcc/arm-none-eabi/13.2.1/../../../arm-none-eabi/lib/thumb/v7e-m+fp/hard/libc_nano.a(libc_a-memset.o)
                              /usr/lib/gcc/arm-none-eabi/13.2.1/../../../arm-none-eabi/lib/thumb/v7e-m+fp/hard/crt0.o (memset)
/usr/lib/gcc/arm-none-eabi/13.2.1/../../../arm-none-eabi/lib/thumb/v7e-m+fp/hard/libc_nano.a(libc_a-exit.o)
                              /usr/lib/gcc/arm-none-eabi/13.2.1/../../../arm-none-eabi/lib/thumb/v7e-m+fp/hard/crt0.o (exit)
/usr/lib/gcc/arm-none-eabi/13.2.1/../../../arm-none-eabi/lib/thumb/v7e-m+fp/hard/libc_nano.a(libc_a-atexit.o)
                              /usr/lib/gcc/arm-none-eabi/13.2.1/../../../arm-none-eabi/lib/thumb/v7e-m+fp/hard/crt0.o (atexit)
/usr/lib/gcc/arm-none-eabi/13.2.1/../../../arm-none-eabi/lib/thumb/v7e-m+fp/hard/libc_nano.a(libc_a-fini.o)
                              /usr/lib/gcc/arm-none-eabi/13.2.1/../../../arm-none-eabi/lib/thumb/v7e-m+fp/hard/crt0.o (__libc_fini_array)
/usr/lib/gcc/arm-none-eabi/13.2.1/../../../arm-none-eabi/lib/thumb/v7e-m+fp/hard/libc_nano.a(libc_a-findfp.o)
                              /usr/lib/gcc/arm-none-eabi/13.2.1/../../../arm-none-eabi/lib/thumb/v7e-m+fp/hard/libc_nano.a(libc_a-exit.o) (__stdio_exit_handler)
/usr/lib/gcc/arm-none-eabi/13.2.1/../../../arm-none-eabi/lib/thumb/v7e-m+fp/hard/libc_nano.a(libc_a-fflush.o)
                              /usr/lib/gcc/arm-none-eabi/13.2.1/../../../arm-none-eabi/lib/thumb/v7e-m+fp/hard/libc_nano.a(libc_a-findfp.o) (_fflush_r)
/usr/lib/gcc/arm-none-eabi/13.2.1/../../../arm-none-eabi/lib/thumb/v7e-m+fp/hard/libc_nano.a(libc_a-mallocr.o)
                              /usr/lib/gcc/arm-none-eabi/13.2.1/../../../arm-none-eabi/lib/thumb/v7e-m+fp/hard/libc_nano.a(libc_a-findfp.o) (_malloc_r)
/usr/lib/gcc/arm-none-eabi/13.2.1/../../../arm-none-eabi/lib/thumb/v7e-m+fp/hard/libc_nano.a(libc_a-freer.o)
                              /usr/lib/gcc/arm-none-eabi/13.2.1/../../../arm-none-eabi/lib/thumb/v7e-m+fp/hard/libc_nano.a(libc_a-fflush.o) (_free_r)
/usr/lib/gcc/arm-none-eabi/13.2.1/../../../arm-none-eabi/lib/thumb/v7e-m+fp/hard/libc_nano.a(libc_a-fwalk.o)
                              /usr/lib/gcc/arm-none-eabi/13.2.1/../../../arm-none-eabi/lib/thumb/v7e-m+fp/hard/libc_nano.a(libc_a-findfp.o) (_fwalk_sglue)
/usr/lib/gcc/arm-none-eabi/13.2.1/../../../arm-none-eabi/lib/thumb/v7e-m+fp/hard/libc_nano.a(libc_a-__atexit.o)
                              /usr/lib/gcc/arm-none-eabi/13.2.1/../../../arm-none-eabi/lib/thumb/v7e-m+fp/hard/libc_nano.a(libc_a-atexit.o) (__register_exitproc)
/usr/lib/gcc/arm-none-eabi/13.2.1/../../../arm-none-eabi/lib/thumb/v7e-m+fp/hard/libc_nano.a(libc_a-mlock.o)
                              /usr/lib/gcc/arm-none-eabi/13.2.1/../../../arm-none-eabi/lib/thumb/v7e-m+fp/hard/libc_nano.a(libc_a-mallocr.o) (__malloc_lock)
/usr/lib/gcc/arm-none-eabi/13.2.1/../../../arm-none-eabi/lib/thumb/v7e-m+fp/hard/libc_nano.a(libc_a-sbrkr.o)
                              /usr/lib/gcc/arm-none-eabi/13.2.1/../../../arm-none-eabi/lib/thumb/v7e-m+fp/hard/libc_nano.a(libc_a-mallocr.o) (_sbrk_r)
/usr/lib/gcc/arm-none-eabi/13.2.1/../../../arm-none-eabi/lib/thumb/v7e-m+fp/hard/libc_nano.a(libc_a-stdio.o)
                              /usr/lib/gcc/arm-none-eabi/13.2.1/../../../arm-none-eabi/lib/thumb/v7e-m+fp/hard/libc_nano.a(libc_a-findfp.o) (__sread)
/usr/lib/gcc/arm-none-eabi/13.2.1/../../../arm-none-eabi/lib/thumb/v7e-m+fp/hard/libc_nano.a(libc_a-impure.o)
                              /usr/lib/gcc/arm-none-eabi/13.2.1/../../../arm-none-eabi/lib/thumb/v7e-m+fp/hard/libc_nano.a(libc_a-fflush.o) (_impure_ptr)
/usr/lib/gcc/arm-none-eabi/13.2.1/../../../arm-none-eabi/lib/thumb/v7e-m+fp/hard/libc_nano.a(libc_a-closer.o)
                              /usr/lib/gcc/arm-none-eabi/13.2.1/../../../arm-none-eabi/lib/thumb/v7e-m+fp/hard/libc_nano.a(libc_a-stdio.o) (_close_r)
/usr/lib/gcc/arm-none-eabi/13.2.1/../../../arm-none-eabi/lib/thumb/v7e-m+fp/hard/libc_nano.a(libc_a-__call_atexit.o)
                              /usr/lib/gcc/arm-none-eabi/13.2.1/../../../arm-none-eabi/lib/thumb/v7e-m+fp/hard/libc_nano.a(libc_a-__atexit.o) (__call_exitprocs)
/usr/lib/gcc/arm-none-eabi/13.2.1/../../../arm-none-eabi/lib/thumb/v7e-m+fp/hard/libc_nano.a(libc_a-readr.o)
                              /usr/lib/gcc/arm-none-eabi/13.2.1/../../../arm-none-eabi/lib/thumb/v7e-m+fp/hard/libc_nano.a(libc_a-stdio.o) (_read_r)
/usr/lib/gcc/arm-none-eabi/13.2.1/../../../arm-none-eabi/lib/thumb/v7e-m+fp/hard/libc_nano.a(libc_a-reent.o)
                              /usr/lib/gcc/arm-none-eabi/13.2.1/../../../arm-none-eabi/lib/thumb/v7e-m+fp/hard/libc_nano.a(libc_a-sbrkr.o) (errno)
[...]
Memory Configuration

Name             Origin             Length             Attributes
RAM              0x20000000         0x00008000         xrw
CCMRAM           0x10000000         0x00002000         xrw
FLASH            0x08000000         0x00020000         xr
*default*        0x00000000         0xffffffff

Linker script and memory map

LOAD /usr/lib/gcc/arm-none-eabi/13.2.1/thumb/v7e-m+fp/hard/crti.o
LOAD /usr/lib/gcc/arm-none-eabi/13.2.1/thumb/v7e-m+fp/hard/crtbegin.o
LOAD /usr/lib/gcc/arm-none-eabi/13.2.1/../../../arm-none-eabi/lib/thumb/v7e-m+fp/hard/crt0.o
START GROUP
LOAD /usr/lib/gcc/arm-none-eabi/13.2.1/../../../arm-none-eabi/lib/thumb/v7e-m+fp/hard/libc_nano.a
LOAD /usr/lib/gcc/arm-none-eabi/13.2.1/../../../arm-none-eabi/lib/thumb/v7e-m+fp/hard/libm.a
END GROUP
LOAD CMakeFiles/single_timer_interrupt.dir/Core/Src/inverter_control.c.obj
LOAD CMakeFiles/single_timer_interrupt.dir/Core/Src/main.c.obj
LOAD CMakeFiles/single_timer_interrupt.dir/Core/Src/stm32f3xx_it.c.obj
LOAD CMakeFiles/single_timer_interrupt.dir/Core/Src/stm32f3xx_hal_msp.c.obj
LOAD CMakeFiles/single_timer_interrupt.dir/USB_DEVICE/App/usb_device.c.obj
LOAD CMakeFiles/single_timer_interrupt.dir/USB_DEVICE/App/usbd_desc.c.obj
LOAD CMakeFiles/single_timer_interrupt.dir/USB_DEVICE/App/usbd_cdc_if.c.obj
LOAD CMakeFiles/single_timer_interrupt.dir/USB_DEVICE/Target/usbd_conf.c.obj
LOAD CMakeFiles/single_timer_interrupt.dir/Drivers/STM32F3xx_HAL_Driver/Src/stm32f3xx_ll_usb.c.obj
LOAD CMakeFiles/single_timer_interrupt.dir/Drivers/STM32F3xx_HAL_Driver/Src/stm32f3xx_hal_pcd.c.obj
LOAD CMakeFiles/single_timer_interrupt.dir/Drivers/STM32F3xx_HAL_Driver/Src/stm32f3xx_hal_pcd_ex.c.obj
LOAD CMakeFiles/single_timer_interrupt.dir/Drivers/STM32F3xx_HAL_Driver/Src/stm32f3xx_hal.c.obj
LOAD CMakeFiles/single_timer_interrupt.dir/Drivers/STM32F3xx_HAL_Driver/Src/stm32f3xx_hal_rcc.c.obj
LOAD CMakeFiles/single_timer_interrupt.dir/Drivers/STM32F3xx_HAL_Driver/Src/stm32f3xx_hal_rcc_ex.c.obj
LOAD CMakeFiles/single_timer_interrupt.dir/Drivers/STM32F3xx_HAL_Driver/Src/stm32f3xx_hal_gpio.c.obj
LOAD CMakeFiles/single_timer_interrupt.dir/Drivers/STM32F3xx_HAL_Driver/Src/stm32f3xx_hal_dma.c.obj
LOAD CMakeFiles/single_timer_interrupt.dir/Drivers/STM32F3xx_HAL_Driver/Src/stm32f3xx_hal_cortex.c.obj
LOAD CMakeFiles/single_timer_interrupt.dir/Drivers/STM32F3xx_HAL_Driver/Src/stm32f3xx_hal_pwr.c.obj
LOAD CMakeFiles/single_timer_interrupt.dir/Drivers/STM32F3xx_HAL_Driver/Src/stm32f3xx_hal_pwr_ex.c.obj
LOAD CMakeFiles/single_timer_interrupt.dir/Drivers/STM32F3xx_HAL_Driver/Src/stm32f3xx_hal_flash.c.obj
LOAD CMakeFiles/single_timer_interrupt.dir/Drivers/STM32F3xx_HAL_Driver/Src/stm32f3xx_hal_flash_ex.c.obj
LOAD CMakeFiles/single_timer_interrupt.dir/Drivers/STM32F3xx_HAL_Driver/Src/stm32f3xx_hal_i2c.c.obj
LOAD CMakeFiles/single_timer_interrupt.dir/Drivers/STM32F3xx_HAL_Driver/Src/stm32f3xx_hal_i2c_ex.c.obj
LOAD CMakeFiles/single_timer_interrupt.dir/Drivers/STM32F3xx_HAL_Driver/Src/stm32f3xx_hal_exti.c.obj
LOAD CMakeFiles/single_timer_interrupt.dir/Drivers/STM32F3xx_HAL_Driver/Src/stm32f3xx_hal_tim.c.obj
LOAD CMakeFiles/single_timer_interrupt.dir/Drivers/STM32F3xx_HAL_Driver/Src/stm32f3xx_hal_tim_ex.c.obj
LOAD CMakeFiles/single_timer_interrupt.dir/Core/Src/system_stm32f3xx.c.obj
LOAD CMakeFiles/single_timer_interrupt.dir/Middlewares/ST/STM32_USB_Device_Library/Core/Src/usbd_core.c.obj
LOAD CMakeFiles/single_timer_interrupt.dir/Middlewares/ST/STM32_USB_Device_Library/Core/Src/usbd_ctlreq.c.obj
LOAD CMakeFiles/single_timer_interrupt.dir/Middlewares/ST/STM32_USB_Device_Library/Core/Src/usbd_ioreq.c.obj
LOAD CMakeFiles/single_timer_interrupt.dir/Middlewares/ST/STM32_USB_Device_Library/Class/CDC/Src/usbd_cdc.c.obj
LOAD CMakeFiles/single_timer_interrupt.dir/Core/Src/sysmem.c.obj
LOAD CMakeFiles/single_timer_interrupt.dir/Core/Src/syscalls.c.obj
LOAD CMakeFiles/single_timer_interrupt.dir/startup_stm32f303xc.s.obj
START GROUP
LOAD /usr/lib/gcc/arm-none-eabi/13.2.1/thumb/v7e-m+fp/hard/libgcc.a
LOAD /usr/lib/gcc/arm-none-eabi/13.2.1/../../../arm-none-eabi/lib/thumb/v7e-m+fp/hard/libg_nano.a
LOAD /usr/lib/gcc/arm-none-eabi/13.2.1/../../../arm-none-eabi/lib/thumb/v7e-m+fp/hard/libc_nano.a
END GROUP
START GROUP
LOAD /usr/lib/gcc/arm-none-eabi/13.2.1/thumb/v7e-m+fp/hard/libgcc.a
LOAD /usr/lib/gcc/arm-none-eabi/13.2.1/../../../arm-none-eabi/lib/thumb/v7e-m+fp/hard/libc_nano.a
END GROUP
LOAD /usr/lib/gcc/arm-none-eabi/13.2.1/thumb/v7e-m+fp/hard/crtend.o
LOAD /usr/lib/gcc/arm-none-eabi/13.2.1/thumb/v7e-m+fp/hard/crtn.o
                0x20008000                        _estack = (ORIGIN (RAM) + LENGTH (RAM))
                0x00000200                        _Min_Heap_Size = 0x200
                0x00000400                        _Min_Stack_Size = 0x400

.isr_vector     0x08000000      0x188
                0x08000000                        . = ALIGN (0x4)
 *(.isr_vector)
 .isr_vector    0x08000000      0x188 CMakeFiles/single_timer_interrupt.dir/startup_stm32f303xc.s.obj
                0x08000000                g_pfnVectors
                0x08000188                        . = ALIGN (0x4)

.text           0x08000190     0xab34
                0x08000190                        . = ALIGN (0x4)
 *(.text)
 .text          0x08000190       0x88 /usr/lib/gcc/arm-none-eabi/13.2.1/thumb/v7e-m+fp/hard/crtbegin.o
 .text          0x08000218       0x50 /usr/lib/gcc/arm-none-eabi/13.2.1/../../../arm-none-eabi/lib/thumb/v7e-m+fp/hard/libc_nano.a(libc_a-init.o)
                0x08000218                __libc_init_array
 .text          0x08000268       0xa4 /usr/lib/gcc/arm-none-eabi/13.2.1/../../../arm-none-eabi/lib/thumb/v7e-m+fp/hard/libc_nano.a(libc_a-memset.o)
                0x08000268                memset
 .text          0x0800030c      0x224 /usr/lib/gcc/arm-none-eabi/13.2.1/../../../arm-none-eabi/lib/thumb/v7e-m+fp/hard/libc_nano.a(libc_a-findfp.o)
                0x0800043c                __sfp
                0x080004e0                __sinit
                0x08000500                __sfp_lock_acquire
                0x08000504                __sfp_lock_release
                0x08000508                __fp_lock_all
                0x0800051c                __fp_unlock_all
 .text          0x08000530      0x1a8 /usr/lib/gcc/arm-none-eabi/13.2.1/../../../arm-none-eabi/lib/thumb/v7e-m+fp/hard/libc_nano.a(libc_a-fflush.o)
                0x08000530                __sflush_r
                0x08000654                _fflush_r
                0x0800068c                fflush
 .text          0x080006d8      0x148 /usr/lib/gcc/arm-none-eabi/13.2.1/../../../arm-none-eabi/lib/thumb/v7e-m+fp/hard/libc_nano.a(libc_a-mallocr.o)
                0x08000720                _malloc_r
 .text          0x08000820       0xbc /usr/lib/gcc/arm-none-eabi/13.2.1/../../../arm-none-eabi/lib/thumb/v7e-m+fp/hard/libc_nano.a(libc_a-freer.o)
                0x08000820                _free_r
 .text          0x080008dc       0x44 /usr/lib/gcc/arm-none-eabi/13.2.1/../../../arm-none-eabi/lib/thumb/v7e-m+fp/hard/libc_nano.a(libc_a-fwalk.o)
                0x080008dc                _fwalk_sglue
 .text          0x08000920        0x8 /usr/lib/gcc/arm-none-eabi/13.2.1/../../../arm-none-eabi/lib/thumb/v7e-m+fp/hard/libc_nano.a(libc_a-mlock.o)
                0x08000920                __malloc_lock
                0x08000924                __malloc_unlock
 .text          0x08000928       0x24 /usr/lib/gcc/arm-none-eabi/13.2.1/../../../arm-none-eabi/lib/thumb/v7e-m+fp/hard/libc_nano.a(libc_a-sbrkr.o)
                0x08000928                _sbrk_r
 .text          0x0800094c       0x94 /usr/lib/gcc/arm-none-eabi/13.2.1/../../../arm-none-eabi/lib/thumb/v7e-m+fp/hard/libc_nano.a(libc_a-stdio.o)
                0x0800094c                __sread
                0x08000970                __seofread
                0x08000974                __swrite
                0x080009b4                __sseek
                0x080009d8                __sclose
 .text          0x080009e0       0x24 /usr/lib/gcc/arm-none-eabi/13.2.1/../../../arm-none-eabi/lib/thumb/v7e-m+fp/hard/libc_nano.a(libc_a-closer.o)
                0x080009e0                _close_r
 .text          0x08000a04       0x2c /usr/lib/gcc/arm-none-eabi/13.2.1/../../../arm-none-eabi/lib/thumb/v7e-m+fp/hard/libc_nano.a(libc_a-readr.o)
                0x08000a04                _read_r
 .text          0x08000a30       0x2c /usr/lib/gcc/arm-none-eabi/13.2.1/../../../arm-none-eabi/lib/thumb/v7e-m+fp/hard/libc_nano.a(libc_a-lseekr.o)
                0x08000a30                _lseek_r
 .text          0x08000a5c       0x2c /usr/lib/gcc/arm-none-eabi/13.2.1/../../../arm-none-eabi/lib/thumb/v7e-m+fp/hard/libc_nano.a(libc_a-writer.o)
                0x08000a5c                _write_r
 .text          0x08000a88       0xa0 /usr/lib/gcc/arm-none-eabi/13.2.1/../../../arm-none-eabi/lib/thumb/v7e-m+fp/hard/libg_nano.a(libc_a-puts.o)
                0x08000a88                _puts_r
                0x08000b18                puts
 .text          0x08000b28       0x18 /usr/lib/gcc/arm-none-eabi/13.2.1/../../../arm-none-eabi/lib/thumb/v7e-m+fp/hard/libg_nano.a(libc_a-putchar.o)
                0x08000b28                _putchar_r
                0x08000b30                putchar
 .text          0x08000b40        0xc /usr/lib/gcc/arm-none-eabi/13.2.1/../../../arm-none-eabi/lib/thumb/v7e-m+fp/hard/libg_nano.a(libc_a-errno.o)
                0x08000b40                __errno
 .text          0x08000b4c       0xc4 /usr/lib/gcc/arm-none-eabi/13.2.1/../../../arm-none-eabi/lib/thumb/v7e-m+fp/hard/libg_nano.a(libc_a-wsetup.o)
                0x08000b4c                __swsetup_r
 .text          0x08000c10       0xa4 /usr/lib/gcc/arm-none-eabi/13.2.1/../../../arm-none-eabi/lib/thumb/v7e-m+fp/hard/libg_nano.a(libc_a-putc.o)
                0x08000c10                _putc_r
                0x08000c5c                putc
 .text          0x08000cb4      0x114 /usr/lib/gcc/arm-none-eabi/13.2.1/../../../arm-none-eabi/lib/thumb/v7e-m+fp/hard/libg_nano.a(libc_a-makebuf.o)
                0x08000cb4                __smakebuf_r
                0x08000d78                __swhatbuf_r
 .text          0x08000dc8       0x48 /usr/lib/gcc/arm-none-eabi/13.2.1/../../../arm-none-eabi/lib/thumb/v7e-m+fp/hard/libg_nano.a(libc_a-printf.o)
                0x08000dc8                _printf_r
                0x08000dc8                _iprintf_r
                0x08000de8                printf
                0x08000de8                iprintf
 .text          0x08000e10       0x24 /usr/lib/gcc/arm-none-eabi/13.2.1/../../../arm-none-eabi/lib/thumb/v7e-m+fp/hard/libg_nano.a(libc_a-isattyr.o)
                0x08000e10                _isatty_r
 .text          0x08000e34      0x314 /usr/lib/gcc/arm-none-eabi/13.2.1/../../../arm-none-eabi/lib/thumb/v7e-m+fp/hard/libg_nano.a(libc_a-nano-vfprintf.o)
                0x08000e70                __sfputs_r
                0x08000ea0                __sprint_r
                0x08000ec0                _vfiprintf_r
                0x08000ec0                _vfprintf_r
                0x0800112c                vfiprintf
                0x0800112c                vfprintf
 .text          0x08001148       0xa0 /usr/lib/gcc/arm-none-eabi/13.2.1/../../../arm-none-eabi/lib/thumb/v7e-m+fp/hard/libg_nano.a(libc_a-wbuf.o)
                0x08001148                __swbuf_r
                0x080011d0                __swbuf
 .text          0x080011e8      0x300 /usr/lib/gcc/arm-none-eabi/13.2.1/../../../arm-none-eabi/lib/thumb/v7e-m+fp/hard/libg_nano.a(libc_a-fvwrite.o)
                0x080011e8                __sfvwrite_r
 .text          0x080014e8      0x100 /usr/lib/gcc/arm-none-eabi/13.2.1/../../../arm-none-eabi/lib/thumb/v7e-m+fp/hard/libg_nano.a(libc_a-memmove.o)
                0x080014e8                memmove
 *fill*         0x080015e8        0x8 
 .text          0x080015f0       0xa0 /usr/lib/gcc/arm-none-eabi/13.2.1/../../../arm-none-eabi/lib/thumb/v7e-m+fp/hard/libg_nano.a(libc_a-memchr.o)
                0x080015f0                memchr
 .text          0x08001690      0x134 /usr/lib/gcc/arm-none-eabi/13.2.1/../../../arm-none-eabi/lib/thumb/v7e-m+fp/hard/libg_nano.a(libc_a-memcpy.o)
                0x08001690                memcpy
 .text          0x080017c4       0x64 /usr/lib/gcc/arm-none-eabi/13.2.1/../../../arm-none-eabi/lib/thumb/v7e-m+fp/hard/libg_nano.a(libc_a-reallocr.o)
                0x080017c4                _realloc_r
 .text          0x08001828      0x3a8 /usr/lib/gcc/arm-none-eabi/13.2.1/../../../arm-none-eabi/lib/thumb/v7e-m+fp/hard/libg_nano.a(libc_a-nano-vfprintf_i.o)
                0x08001828                _printf_common
                0x0800194c                _printf_i
 .text          0x08001bd0       0x2c /usr/lib/gcc/arm-none-eabi/13.2.1/../../../arm-none-eabi/lib/thumb/v7e-m+fp/hard/libg_nano.a(libc_a-fstatr.o)
                0x08001bd0                _fstat_r
 .text          0x08001bfc       0x10 /usr/lib/gcc/arm-none-eabi/13.2.1/../../../arm-none-eabi/lib/thumb/v7e-m+fp/hard/libg_nano.a(libc_a-msizer.o)
                0x08001bfc                _malloc_usable_size_r
 *(.text*)
 .text.phase_set
                0x08001c0c       0x34 CMakeFiles/single_timer_interrupt.dir/Core/Src/inverter_control.c.obj
                0x08001c0c                phase_set
 .text.phase_unset
                0x08001c40       0x20 CMakeFiles/single_timer_interrupt.dir/Core/Src/inverter_control.c.obj
                0x08001c40                phase_unset
 .text.test_switching_cycle
                0x08001c60      0x138 CMakeFiles/single_timer_interrupt.dir/Core/Src/inverter_control.c.obj
                0x08001c60                test_switching_cycle
 .text.main     0x08001d98       0xb8 CMakeFiles/single_timer_interrupt.dir/Core/Src/main.c.obj
                0x08001d98                main
 .text.SystemClock_Config
                0x08001e50       0xbc CMakeFiles/single_timer_interrupt.dir/Core/Src/main.c.obj
                0x08001e50                SystemClock_Config
 .text.MX_TIM8_Init
                0x08001f0c       0xa8 CMakeFiles/single_timer_interrupt.dir/Core/Src/main.c.obj
 .text.MX_GPIO_Init
                0x08001fb4      0x108 CMakeFiles/single_timer_interrupt.dir/Core/Src/main.c.obj
 .text.Error_Handler
                0x080020bc        0xc CMakeFiles/single_timer_interrupt.dir/Core/Src/main.c.obj
                0x080020bc                Error_Handler
 .text.NMI_Handler
                0x080020c8        0x8 CMakeFiles/single_timer_interrupt.dir/Core/Src/stm32f3xx_it.c.obj
                0x080020c8                NMI_Handler
 .text.HardFault_Handler
                0x080020d0        0x8 CMakeFiles/single_timer_interrupt.dir/Core/Src/stm32f3xx_it.c.obj
                0x080020d0                HardFault_Handler
 .text.MemManage_Handler
                0x080020d8        0x8 CMakeFiles/single_timer_interrupt.dir/Core/Src/stm32f3xx_it.c.obj
                0x080020d8                MemManage_Handler
 .text.BusFault_Handler
                0x080020e0        0x8 CMakeFiles/single_timer_interrupt.dir/Core/Src/stm32f3xx_it.c.obj
                0x080020e0                BusFault_Handler
 .text.UsageFault_Handler
                0x080020e8        0x8 CMakeFiles/single_timer_interrupt.dir/Core/Src/stm32f3xx_it.c.obj
                0x080020e8                UsageFault_Handler
 .text.SVC_Handler
                0x080020f0        0xe CMakeFiles/single_timer_interrupt.dir/Core/Src/stm32f3xx_it.c.obj
                0x080020f0                SVC_Handler
 .text.DebugMon_Handler
                0x080020fe        0xe CMakeFiles/single_timer_interrupt.dir/Core/Src/stm32f3xx_it.c.obj
                0x080020fe                DebugMon_Handler
 .text.PendSV_Handler
                0x0800210c        0xe CMakeFiles/single_timer_interrupt.dir/Core/Src/stm32f3xx_it.c.obj
                0x0800210c                PendSV_Handler
 .text.SysTick_Handler
                0x0800211a        0xc CMakeFiles/single_timer_interrupt.dir/Core/Src/stm32f3xx_it.c.obj
                0x0800211a                SysTick_Handler
 *fill*         0x08002126        0x2 
 .text.USB_LP_CAN_RX0_IRQHandler
                0x08002128       0x14 CMakeFiles/single_timer_interrupt.dir/Core/Src/stm32f3xx_it.c.obj
                0x08002128                USB_LP_CAN_RX0_IRQHandler
 .text.TIM8_UP_IRQHandler
                0x0800213c       0x18 CMakeFiles/single_timer_interrupt.dir/Core/Src/stm32f3xx_it.c.obj
                0x0800213c                TIM8_UP_IRQHandler
 .text.HAL_MspInit
                0x08002154       0x48 CMakeFiles/single_timer_interrupt.dir/Core/Src/stm32f3xx_hal_msp.c.obj
                0x08002154                HAL_MspInit
 .text.HAL_TIM_Base_MspInit
                0x0800219c       0x4c CMakeFiles/single_timer_interrupt.dir/Core/Src/stm32f3xx_hal_msp.c.obj
                0x0800219c                HAL_TIM_Base_MspInit
 .text.HAL_TIM_Base_MspDeInit
                0x080021e8       0x34 CMakeFiles/single_timer_interrupt.dir/Core/Src/stm32f3xx_hal_msp.c.obj
                0x080021e8                HAL_TIM_Base_MspDeInit
 .text._write   0x0800221c       0x3c CMakeFiles/single_timer_interrupt.dir/USB_DEVICE/App/usb_device.c.obj
                0x0800221c                _write
 .text.MX_USB_DEVICE_Init
                0x08002258       0x60 CMakeFiles/single_timer_interrupt.dir/USB_DEVICE/App/usb_device.c.obj
                0x08002258                MX_USB_DEVICE_Init
 .text.USBD_FS_DeviceDescriptor
                0x080022b8       0x24 CMakeFiles/single_timer_interrupt.dir/USB_DEVICE/App/usbd_desc.c.obj
                0x080022b8                USBD_FS_DeviceDescriptor
 .text.USBD_FS_LangIDStrDescriptor
                0x080022dc       0x24 CMakeFiles/single_timer_interrupt.dir/USB_DEVICE/App/usbd_desc.c.obj
                0x080022dc                USBD_FS_LangIDStrDescriptor
 .text.USBD_FS_ProductStrDescriptor
                0x08002300       0x3c CMakeFiles/single_timer_interrupt.dir/USB_DEVICE/App/usbd_desc.c.obj
                0x08002300                USBD_FS_ProductStrDescriptor
 .text.USBD_FS_ManufacturerStrDescriptor
                0x0800233c       0x28 CMakeFiles/single_timer_interrupt.dir/USB_DEVICE/App/usbd_desc.c.obj
                0x0800233c                USBD_FS_ManufacturerStrDescriptor
 .text.USBD_FS_SerialStrDescriptor
                0x08002364       0x24 CMakeFiles/single_timer_interrupt.dir/USB_DEVICE/App/usbd_desc.c.obj
                0x08002364                USBD_FS_SerialStrDescriptor
 .text.USBD_FS_ConfigStrDescriptor
                0x08002388       0x3c CMakeFiles/single_timer_interrupt.dir/USB_DEVICE/App/usbd_desc.c.obj
                0x08002388                USBD_FS_ConfigStrDescriptor
 .text.USBD_FS_InterfaceStrDescriptor
                0x080023c4       0x3c CMakeFiles/single_timer_interrupt.dir/USB_DEVICE/App/usbd_desc.c.obj
                0x080023c4                USBD_FS_InterfaceStrDescriptor
 .text.Get_SerialNum
                0x08002400       0x58 CMakeFiles/single_timer_interrupt.dir/USB_DEVICE/App/usbd_desc.c.obj
 .text.IntToUnicode
                0x08002458       0x7e CMakeFiles/single_timer_interrupt.dir/USB_DEVICE/App/usbd_desc.c.obj
 *fill*         0x080024d6        0x2 
 .text.CDC_Init_FS
                0x080024d8       0x28 CMakeFiles/single_timer_interrupt.dir/USB_DEVICE/App/usbd_cdc_if.c.obj
 .text.CDC_DeInit_FS
                0x08002500       0x10 CMakeFiles/single_timer_interrupt.dir/USB_DEVICE/App/usbd_cdc_if.c.obj
 .text.CDC_Control_FS
                0x08002510       0xbc CMakeFiles/single_timer_interrupt.dir/USB_DEVICE/App/usbd_cdc_if.c.obj
 .text.CDC_Receive_FS
                0x080025cc       0x28 CMakeFiles/single_timer_interrupt.dir/USB_DEVICE/App/usbd_cdc_if.c.obj
 .text.CDC_Transmit_FS
                0x080025f4       0x4c CMakeFiles/single_timer_interrupt.dir/USB_DEVICE/App/usbd_cdc_if.c.obj
                0x080025f4                CDC_Transmit_FS
 .text.HAL_PCD_MspInit
                0x08002640       0x98 CMakeFiles/single_timer_interrupt.dir/USB_DEVICE/Target/usbd_conf.c.obj
                0x08002640                HAL_PCD_MspInit
 .text.HAL_PCD_SetupStageCallback
                0x080026d8       0x24 CMakeFiles/single_timer_interrupt.dir/USB_DEVICE/Target/usbd_conf.c.obj
                0x080026d8                HAL_PCD_SetupStageCallback
 .text.HAL_PCD_DataOutStageCallback
                0x080026fc       0x36 CMakeFiles/single_timer_interrupt.dir/USB_DEVICE/Target/usbd_conf.c.obj
                0x080026fc                HAL_PCD_DataOutStageCallback
 .text.HAL_PCD_DataInStageCallback
                0x08002732       0x34 CMakeFiles/single_timer_interrupt.dir/USB_DEVICE/Target/usbd_conf.c.obj
                0x08002732                HAL_PCD_DataInStageCallback
 .text.HAL_PCD_SOFCallback
                0x08002766       0x1c CMakeFiles/single_timer_interrupt.dir/USB_DEVICE/Target/usbd_conf.c.obj
                0x08002766                HAL_PCD_SOFCallback
 .text.HAL_PCD_ResetCallback
                0x08002782       0x3c CMakeFiles/single_timer_interrupt.dir/USB_DEVICE/Target/usbd_conf.c.obj
                0x08002782                HAL_PCD_ResetCallback
 *fill*         0x080027be        0x2 
 .text.HAL_PCD_SuspendCallback
                0x080027c0       0x34 CMakeFiles/single_timer_interrupt.dir/USB_DEVICE/Target/usbd_conf.c.obj
                0x080027c0                HAL_PCD_SuspendCallback
 .text.HAL_PCD_ResumeCallback
                0x080027f4       0x1c CMakeFiles/single_timer_interrupt.dir/USB_DEVICE/Target/usbd_conf.c.obj
                0x080027f4                HAL_PCD_ResumeCallback
 .text.USBD_LL_Init
                0x08002810       0xb4 CMakeFiles/single_timer_interrupt.dir/USB_DEVICE/Target/usbd_conf.c.obj
                0x08002810                USBD_LL_Init
 .text.USBD_LL_Start
                0x080028c4       0x36 CMakeFiles/single_timer_interrupt.dir/USB_DEVICE/Target/usbd_conf.c.obj
                0x080028c4                USBD_LL_Start
 .text.USBD_LL_OpenEP
                0x080028fa       0x4c CMakeFiles/single_timer_interrupt.dir/USB_DEVICE/Target/usbd_conf.c.obj
                0x080028fa                USBD_LL_OpenEP
 .text.USBD_LL_CloseEP
                0x08002946       0x3e CMakeFiles/single_timer_interrupt.dir/USB_DEVICE/Target/usbd_conf.c.obj
                0x08002946                USBD_LL_CloseEP
 .text.USBD_LL_StallEP
                0x08002984       0x3e CMakeFiles/single_timer_interrupt.dir/USB_DEVICE/Target/usbd_conf.c.obj
                0x08002984                USBD_LL_StallEP
 .text.USBD_LL_ClearStallEP
                0x080029c2       0x3e CMakeFiles/single_timer_interrupt.dir/USB_DEVICE/Target/usbd_conf.c.obj
                0x080029c2                USBD_LL_ClearStallEP
 .text.USBD_LL_IsStallEP
                0x08002a00       0x58 CMakeFiles/single_timer_interrupt.dir/USB_DEVICE/Target/usbd_conf.c.obj
                0x08002a00                USBD_LL_IsStallEP
 .text.USBD_LL_SetUSBAddress
                0x08002a58       0x3e CMakeFiles/single_timer_interrupt.dir/USB_DEVICE/Target/usbd_conf.c.obj
                0x08002a58                USBD_LL_SetUSBAddress
 .text.USBD_LL_Transmit
                0x08002a96       0x46 CMakeFiles/single_timer_interrupt.dir/USB_DEVICE/Target/usbd_conf.c.obj
                0x08002a96                USBD_LL_Transmit
 .text.USBD_LL_PrepareReceive
                0x08002adc       0x46 CMakeFiles/single_timer_interrupt.dir/USB_DEVICE/Target/usbd_conf.c.obj
                0x08002adc                USBD_LL_PrepareReceive
 .text.USBD_LL_GetRxDataSize
                0x08002b22       0x26 CMakeFiles/single_timer_interrupt.dir/USB_DEVICE/Target/usbd_conf.c.obj
                0x08002b22                USBD_LL_GetRxDataSize
 .text.USBD_static_malloc
                0x08002b48       0x1c CMakeFiles/single_timer_interrupt.dir/USB_DEVICE/Target/usbd_conf.c.obj
                0x08002b48                USBD_static_malloc
 .text.USBD_static_free
                0x08002b64       0x14 CMakeFiles/single_timer_interrupt.dir/USB_DEVICE/Target/usbd_conf.c.obj
                0x08002b64                USBD_static_free
 .text.HAL_PCDEx_SetConnectionState
                0x08002b78       0x18 CMakeFiles/single_timer_interrupt.dir/USB_DEVICE/Target/usbd_conf.c.obj
                0x08002b78                HAL_PCDEx_SetConnectionState
 .text.USBD_Get_USB_Status
                0x08002b90       0x58 CMakeFiles/single_timer_interrupt.dir/USB_DEVICE/Target/usbd_conf.c.obj
 .text.USB_EnableGlobalInt
                0x08002be8       0x2e CMakeFiles/single_timer_interrupt.dir/Drivers/STM32F3xx_HAL_Driver/Src/stm32f3xx_ll_usb.c.obj
                0x08002be8                USB_EnableGlobalInt
 .text.USB_DisableGlobalInt
                0x08002c16       0x36 CMakeFiles/single_timer_interrupt.dir/Drivers/STM32F3xx_HAL_Driver/Src/stm32f3xx_ll_usb.c.obj
                0x08002c16                USB_DisableGlobalInt
 .text.USB_DevInit
                0x08002c4c       0x3c CMakeFiles/single_timer_interrupt.dir/Drivers/STM32F3xx_HAL_Driver/Src/stm32f3xx_ll_usb.c.obj
                0x08002c4c                USB_DevInit
 .text.USB_ActivateEndpoint
                0x08002c88      0x788 CMakeFiles/single_timer_interrupt.dir/Drivers/STM32F3xx_HAL_Driver/Src/stm32f3xx_ll_usb.c.obj
                0x08002c88                USB_ActivateEndpoint
 .text.USB_DeactivateEndpoint
                0x08003410      0x3da CMakeFiles/single_timer_interrupt.dir/Drivers/STM32F3xx_HAL_Driver/Src/stm32f3xx_ll_usb.c.obj
                0x08003410                USB_DeactivateEndpoint
 .text.USB_EPStartXfer
                0x080037ea     0x1764 CMakeFiles/single_timer_interrupt.dir/Drivers/STM32F3xx_HAL_Driver/Src/stm32f3xx_ll_usb.c.obj
                0x080037ea                USB_EPStartXfer
 .text.USB_EPSetStall
                0x08004f4e       0xa2 CMakeFiles/single_timer_interrupt.dir/Drivers/STM32F3xx_HAL_Driver/Src/stm32f3xx_ll_usb.c.obj
                0x08004f4e                USB_EPSetStall
 .text.USB_EPClearStall
                0x08004ff0      0x15c CMakeFiles/single_timer_interrupt.dir/Drivers/STM32F3xx_HAL_Driver/Src/stm32f3xx_ll_usb.c.obj
                0x08004ff0                USB_EPClearStall
 .text.USB_SetDevAddress
                0x0800514c       0x28 CMakeFiles/single_timer_interrupt.dir/Drivers/STM32F3xx_HAL_Driver/Src/stm32f3xx_ll_usb.c.obj
                0x0800514c                USB_SetDevAddress
 .text.USB_DevConnect
                0x08005174       0x16 CMakeFiles/single_timer_interrupt.dir/Drivers/STM32F3xx_HAL_Driver/Src/stm32f3xx_ll_usb.c.obj
                0x08005174                USB_DevConnect
 .text.USB_ReadInterrupts
                0x0800518a       0x20 CMakeFiles/single_timer_interrupt.dir/Drivers/STM32F3xx_HAL_Driver/Src/stm32f3xx_ll_usb.c.obj
                0x0800518a                USB_ReadInterrupts
 .text.USB_WritePMA
                0x080051aa       0x8e CMakeFiles/single_timer_interrupt.dir/Drivers/STM32F3xx_HAL_Driver/Src/stm32f3xx_ll_usb.c.obj
                0x080051aa                USB_WritePMA
 .text.USB_ReadPMA
                0x08005238       0xa0 CMakeFiles/single_timer_interrupt.dir/Drivers/STM32F3xx_HAL_Driver/Src/stm32f3xx_ll_usb.c.obj
                0x08005238                USB_ReadPMA
 .text.HAL_PCD_Init
                0x080052d8      0x18e CMakeFiles/single_timer_interrupt.dir/Drivers/STM32F3xx_HAL_Driver/Src/stm32f3xx_hal_pcd.c.obj
                0x080052d8                HAL_PCD_Init
 .text.HAL_PCD_Start
                0x08005466       0x4c CMakeFiles/single_timer_interrupt.dir/Drivers/STM32F3xx_HAL_Driver/Src/stm32f3xx_hal_pcd.c.obj
                0x08005466                HAL_PCD_Start
 .text.HAL_PCD_IRQHandler
                0x080054b2      0x1a8 CMakeFiles/single_timer_interrupt.dir/Drivers/STM32F3xx_HAL_Driver/Src/stm32f3xx_hal_pcd.c.obj
                0x080054b2                HAL_PCD_IRQHandler
 .text.HAL_PCD_SetAddress
                0x0800565a       0x48 CMakeFiles/single_timer_interrupt.dir/Drivers/STM32F3xx_HAL_Driver/Src/stm32f3xx_hal_pcd.c.obj
                0x0800565a                HAL_PCD_SetAddress
 .text.HAL_PCD_EP_Open
                0x080056a2       0xba CMakeFiles/single_timer_interrupt.dir/Drivers/STM32F3xx_HAL_Driver/Src/stm32f3xx_hal_pcd.c.obj
                0x080056a2                HAL_PCD_EP_Open
 .text.HAL_PCD_EP_Close
                0x0800575c       0x90 CMakeFiles/single_timer_interrupt.dir/Drivers/STM32F3xx_HAL_Driver/Src/stm32f3xx_hal_pcd.c.obj
                0x0800575c                HAL_PCD_EP_Close
 .text.HAL_PCD_EP_Receive
                0x080057ec       0x62 CMakeFiles/single_timer_interrupt.dir/Drivers/STM32F3xx_HAL_Driver/Src/stm32f3xx_hal_pcd.c.obj
                0x080057ec                HAL_PCD_EP_Receive
 .text.HAL_PCD_EP_GetRxCount
                0x0800584e       0x30 CMakeFiles/single_timer_interrupt.dir/Drivers/STM32F3xx_HAL_Driver/Src/stm32f3xx_hal_pcd.c.obj
                0x0800584e                HAL_PCD_EP_GetRxCount
 .text.HAL_PCD_EP_Transmit
                0x0800587e       0x6e CMakeFiles/single_timer_interrupt.dir/Drivers/STM32F3xx_HAL_Driver/Src/stm32f3xx_hal_pcd.c.obj
                0x0800587e                HAL_PCD_EP_Transmit
 .text.HAL_PCD_EP_SetStall
                0x080058ec       0xa4 CMakeFiles/single_timer_interrupt.dir/Drivers/STM32F3xx_HAL_Driver/Src/stm32f3xx_hal_pcd.c.obj
                0x080058ec                HAL_PCD_EP_SetStall
 .text.HAL_PCD_EP_ClrStall
                0x08005990       0xa8 CMakeFiles/single_timer_interrupt.dir/Drivers/STM32F3xx_HAL_Driver/Src/stm32f3xx_hal_pcd.c.obj
                0x08005990                HAL_PCD_EP_ClrStall
 .text.PCD_EP_ISR_Handler
                0x08005a38      0x79e CMakeFiles/single_timer_interrupt.dir/Drivers/STM32F3xx_HAL_Driver/Src/stm32f3xx_hal_pcd.c.obj
 .text.HAL_PCD_EP_DB_Receive
                0x080061d6      0x21a CMakeFiles/single_timer_interrupt.dir/Drivers/STM32F3xx_HAL_Driver/Src/stm32f3xx_hal_pcd.c.obj
 .text.HAL_PCD_EP_DB_Transmit
                0x080063f0      0x7f4 CMakeFiles/single_timer_interrupt.dir/Drivers/STM32F3xx_HAL_Driver/Src/stm32f3xx_hal_pcd.c.obj
 .text.HAL_PCDEx_PMAConfig
                0x08006be4       0x86 CMakeFiles/single_timer_interrupt.dir/Drivers/STM32F3xx_HAL_Driver/Src/stm32f3xx_hal_pcd_ex.c.obj
                0x08006be4                HAL_PCDEx_PMAConfig
 *fill*         0x08006c6a        0x2 
 .text.HAL_Init
                0x08006c6c       0x2c CMakeFiles/single_timer_interrupt.dir/Drivers/STM32F3xx_HAL_Driver/Src/stm32f3xx_hal.c.obj
                0x08006c6c                HAL_Init
 .text.HAL_InitTick
                0x08006c98       0x60 CMakeFiles/single_timer_interrupt.dir/Drivers/STM32F3xx_HAL_Driver/Src/stm32f3xx_hal.c.obj
                0x08006c98                HAL_InitTick
 .text.HAL_IncTick
                0x08006cf8       0x28 CMakeFiles/single_timer_interrupt.dir/Drivers/STM32F3xx_HAL_Driver/Src/stm32f3xx_hal.c.obj
                0x08006cf8                HAL_IncTick
 .text.HAL_GetTick
                0x08006d20       0x18 CMakeFiles/single_timer_interrupt.dir/Drivers/STM32F3xx_HAL_Driver/Src/stm32f3xx_hal.c.obj
                0x08006d20                HAL_GetTick
 .text.HAL_Delay
                0x08006d38       0x48 CMakeFiles/single_timer_interrupt.dir/Drivers/STM32F3xx_HAL_Driver/Src/stm32f3xx_hal.c.obj
                0x08006d38                HAL_Delay
 .text.HAL_RCC_OscConfig
                0x08006d80     0x101c CMakeFiles/single_timer_interrupt.dir/Drivers/STM32F3xx_HAL_Driver/Src/stm32f3xx_hal_rcc.c.obj
                0x08006d80                HAL_RCC_OscConfig
 .text.HAL_RCC_ClockConfig
                0x08007d9c      0x2dc CMakeFiles/single_timer_interrupt.dir/Drivers/STM32F3xx_HAL_Driver/Src/stm32f3xx_hal_rcc.c.obj
                0x08007d9c                HAL_RCC_ClockConfig
 .text.HAL_RCC_GetSysClockFreq
                0x08008078       0xa8 CMakeFiles/single_timer_interrupt.dir/Drivers/STM32F3xx_HAL_Driver/Src/stm32f3xx_hal_rcc.c.obj
                0x08008078                HAL_RCC_GetSysClockFreq
 .text.HAL_RCCEx_PeriphCLKConfig
                0x08008120      0x35c CMakeFiles/single_timer_interrupt.dir/Drivers/STM32F3xx_HAL_Driver/Src/stm32f3xx_hal_rcc_ex.c.obj
                0x08008120                HAL_RCCEx_PeriphCLKConfig
 .text.HAL_GPIO_Init
                0x0800847c      0x2f4 CMakeFiles/single_timer_interrupt.dir/Drivers/STM32F3xx_HAL_Driver/Src/stm32f3xx_hal_gpio.c.obj
                0x0800847c                HAL_GPIO_Init
 .text.HAL_GPIO_WritePin
                0x08008770       0x30 CMakeFiles/single_timer_interrupt.dir/Drivers/STM32F3xx_HAL_Driver/Src/stm32f3xx_hal_gpio.c.obj
                0x08008770                HAL_GPIO_WritePin
 .text.HAL_GPIO_TogglePin
                0x080087a0       0x34 CMakeFiles/single_timer_interrupt.dir/Drivers/STM32F3xx_HAL_Driver/Src/stm32f3xx_hal_gpio.c.obj
                0x080087a0                HAL_GPIO_TogglePin
 .text.__NVIC_SetPriorityGrouping
                0x080087d4       0x48 CMakeFiles/single_timer_interrupt.dir/Drivers/STM32F3xx_HAL_Driver/Src/stm32f3xx_hal_cortex.c.obj
 .text.__NVIC_GetPriorityGrouping
                0x0800881c       0x1c CMakeFiles/single_timer_interrupt.dir/Drivers/STM32F3xx_HAL_Driver/Src/stm32f3xx_hal_cortex.c.obj
 .text.__NVIC_EnableIRQ
                0x08008838       0x3c CMakeFiles/single_timer_interrupt.dir/Drivers/STM32F3xx_HAL_Driver/Src/stm32f3xx_hal_cortex.c.obj
 .text.__NVIC_DisableIRQ
                0x08008874       0x48 CMakeFiles/single_timer_interrupt.dir/Drivers/STM32F3xx_HAL_Driver/Src/stm32f3xx_hal_cortex.c.obj
 .text.__NVIC_SetPriority
                0x080088bc       0x54 CMakeFiles/single_timer_interrupt.dir/Drivers/STM32F3xx_HAL_Driver/Src/stm32f3xx_hal_cortex.c.obj
 .text.NVIC_EncodePriority
                0x08008910       0x66 CMakeFiles/single_timer_interrupt.dir/Drivers/STM32F3xx_HAL_Driver/Src/stm32f3xx_hal_cortex.c.obj
 *fill*         0x08008976        0x2 
 .text.SysTick_Config
                0x08008978       0x44 CMakeFiles/single_timer_interrupt.dir/Drivers/STM32F3xx_HAL_Driver/Src/stm32f3xx_hal_cortex.c.obj
 .text.HAL_NVIC_SetPriorityGrouping
                0x080089bc       0x16 CMakeFiles/single_timer_interrupt.dir/Drivers/STM32F3xx_HAL_Driver/Src/stm32f3xx_hal_cortex.c.obj
                0x080089bc                HAL_NVIC_SetPriorityGrouping
 .text.HAL_NVIC_SetPriority
                0x080089d2       0x38 CMakeFiles/single_timer_interrupt.dir/Drivers/STM32F3xx_HAL_Driver/Src/stm32f3xx_hal_cortex.c.obj
                0x080089d2                HAL_NVIC_SetPriority
 .text.HAL_NVIC_EnableIRQ
                0x08008a0a       0x1c CMakeFiles/single_timer_interrupt.dir/Drivers/STM32F3xx_HAL_Driver/Src/stm32f3xx_hal_cortex.c.obj
                0x08008a0a                HAL_NVIC_EnableIRQ
 .text.HAL_NVIC_DisableIRQ
                0x08008a26       0x1c CMakeFiles/single_timer_interrupt.dir/Drivers/STM32F3xx_HAL_Driver/Src/stm32f3xx_hal_cortex.c.obj
                0x08008a26                HAL_NVIC_DisableIRQ
 .text.HAL_SYSTICK_Config
                0x08008a42       0x18 CMakeFiles/single_timer_interrupt.dir/Drivers/STM32F3xx_HAL_Driver/Src/stm32f3xx_hal_cortex.c.obj
                0x08008a42                HAL_SYSTICK_Config
 .text.HAL_TIM_Base_Init
                0x08008a5a       0xae CMakeFiles/single_timer_interrupt.dir/Drivers/STM32F3xx_HAL_Driver/Src/stm32f3xx_hal_tim.c.obj
                0x08008a5a                HAL_TIM_Base_Init
 .text.HAL_TIM_Base_DeInit
                0x08008b08       0xb8 CMakeFiles/single_timer_interrupt.dir/Drivers/STM32F3xx_HAL_Driver/Src/stm32f3xx_hal_tim.c.obj
                0x08008b08                HAL_TIM_Base_DeInit
 .text.HAL_TIM_Base_Start_IT
                0x08008bc0       0xd4 CMakeFiles/single_timer_interrupt.dir/Drivers/STM32F3xx_HAL_Driver/Src/stm32f3xx_hal_tim.c.obj
                0x08008bc0                HAL_TIM_Base_Start_IT
 .text.HAL_TIM_IRQHandler
                0x08008c94      0x204 CMakeFiles/single_timer_interrupt.dir/Drivers/STM32F3xx_HAL_Driver/Src/stm32f3xx_hal_tim.c.obj
                0x08008c94                HAL_TIM_IRQHandler
 .text.HAL_TIM_ConfigClockSource
                0x08008e98      0x192 CMakeFiles/single_timer_interrupt.dir/Drivers/STM32F3xx_HAL_Driver/Src/stm32f3xx_hal_tim.c.obj
                0x08008e98                HAL_TIM_ConfigClockSource
 .text.HAL_TIM_PeriodElapsedCallback
                0x0800902a       0x14 CMakeFiles/single_timer_interrupt.dir/Drivers/STM32F3xx_HAL_Driver/Src/stm32f3xx_hal_tim.c.obj
                0x0800902a                HAL_TIM_PeriodElapsedCallback
 .text.HAL_TIM_OC_DelayElapsedCallback
                0x0800903e       0x14 CMakeFiles/single_timer_interrupt.dir/Drivers/STM32F3xx_HAL_Driver/Src/stm32f3xx_hal_tim.c.obj
                0x0800903e                HAL_TIM_OC_DelayElapsedCallback
 .text.HAL_TIM_IC_CaptureCallback
                0x08009052       0x14 CMakeFiles/single_timer_interrupt.dir/Drivers/STM32F3xx_HAL_Driver/Src/stm32f3xx_hal_tim.c.obj
                0x08009052                HAL_TIM_IC_CaptureCallback
 .text.HAL_TIM_PWM_PulseFinishedCallback
                0x08009066       0x14 CMakeFiles/single_timer_interrupt.dir/Drivers/STM32F3xx_HAL_Driver/Src/stm32f3xx_hal_tim.c.obj
                0x08009066                HAL_TIM_PWM_PulseFinishedCallback
 .text.HAL_TIM_TriggerCallback
                0x0800907a       0x14 CMakeFiles/single_timer_interrupt.dir/Drivers/STM32F3xx_HAL_Driver/Src/stm32f3xx_hal_tim.c.obj
                0x0800907a                HAL_TIM_TriggerCallback
 *fill*         0x0800908e        0x2 
 .text.TIM_Base_SetConfig
                0x08009090      0x138 CMakeFiles/single_timer_interrupt.dir/Drivers/STM32F3xx_HAL_Driver/Src/stm32f3xx_hal_tim.c.obj
                0x08009090                TIM_Base_SetConfig
 .text.TIM_TI1_ConfigInputStage
                0x080091c8       0x5e CMakeFiles/single_timer_interrupt.dir/Drivers/STM32F3xx_HAL_Driver/Src/stm32f3xx_hal_tim.c.obj
 .text.TIM_TI2_ConfigInputStage
                0x08009226       0x60 CMakeFiles/single_timer_interrupt.dir/Drivers/STM32F3xx_HAL_Driver/Src/stm32f3xx_hal_tim.c.obj
 .text.TIM_ITRx_SetConfig
                0x08009286       0x36 CMakeFiles/single_timer_interrupt.dir/Drivers/STM32F3xx_HAL_Driver/Src/stm32f3xx_hal_tim.c.obj
 .text.TIM_ETR_SetConfig
                0x080092bc       0x40 CMakeFiles/single_timer_interrupt.dir/Drivers/STM32F3xx_HAL_Driver/Src/stm32f3xx_hal_tim.c.obj
                0x080092bc                TIM_ETR_SetConfig
 .text.HAL_TIMEx_MasterConfigSynchronization
                0x080092fc      0x100 CMakeFiles/single_timer_interrupt.dir/Drivers/STM32F3xx_HAL_Driver/Src/stm32f3xx_hal_tim_ex.c.obj
                0x080092fc                HAL_TIMEx_MasterConfigSynchronization
 .text.HAL_TIMEx_CommutCallback
                0x080093fc       0x14 CMakeFiles/single_timer_interrupt.dir/Drivers/STM32F3xx_HAL_Driver/Src/stm32f3xx_hal_tim_ex.c.obj
                0x080093fc                HAL_TIMEx_CommutCallback
 .text.HAL_TIMEx_BreakCallback
                0x08009410       0x14 CMakeFiles/single_timer_interrupt.dir/Drivers/STM32F3xx_HAL_Driver/Src/stm32f3xx_hal_tim_ex.c.obj
                0x08009410                HAL_TIMEx_BreakCallback
 .text.HAL_TIMEx_Break2Callback
                0x08009424       0x14 CMakeFiles/single_timer_interrupt.dir/Drivers/STM32F3xx_HAL_Driver/Src/stm32f3xx_hal_tim_ex.c.obj
                0x08009424                HAL_TIMEx_Break2Callback
 .text.SystemInit
                0x08009438       0x24 CMakeFiles/single_timer_interrupt.dir/Core/Src/system_stm32f3xx.c.obj
                0x08009438                SystemInit
 .text.USBD_Init
                0x0800945c       0x56 CMakeFiles/single_timer_interrupt.dir/Middlewares/ST/STM32_USB_Device_Library/Core/Src/usbd_core.c.obj
                0x0800945c                USBD_Init
 .text.USBD_RegisterClass
                0x080094b2       0x34 CMakeFiles/single_timer_interrupt.dir/Middlewares/ST/STM32_USB_Device_Library/Core/Src/usbd_core.c.obj
                0x080094b2                USBD_RegisterClass
 .text.USBD_Start
                0x080094e6       0x18 CMakeFiles/single_timer_interrupt.dir/Middlewares/ST/STM32_USB_Device_Library/Core/Src/usbd_core.c.obj
                0x080094e6                USBD_Start
 .text.USBD_RunTestMode
                0x080094fe       0x16 CMakeFiles/single_timer_interrupt.dir/Middlewares/ST/STM32_USB_Device_Library/Core/Src/usbd_core.c.obj
                0x080094fe                USBD_RunTestMode
 .text.USBD_SetClassConfig
                0x08009514       0x3e CMakeFiles/single_timer_interrupt.dir/Middlewares/ST/STM32_USB_Device_Library/Core/Src/usbd_core.c.obj
                0x08009514                USBD_SetClassConfig
 .text.USBD_ClrClassConfig
                0x08009552       0x26 CMakeFiles/single_timer_interrupt.dir/Middlewares/ST/STM32_USB_Device_Library/Core/Src/usbd_core.c.obj
                0x08009552                USBD_ClrClassConfig
 .text.USBD_LL_SetupStage
                0x08009578       0x9a CMakeFiles/single_timer_interrupt.dir/Middlewares/ST/STM32_USB_Device_Library/Core/Src/usbd_core.c.obj
                0x08009578                USBD_LL_SetupStage
 .text.USBD_LL_DataOutStage
                0x08009612       0xe2 CMakeFiles/single_timer_interrupt.dir/Middlewares/ST/STM32_USB_Device_Library/Core/Src/usbd_core.c.obj
                0x08009612                USBD_LL_DataOutStage
 .text.USBD_LL_DataInStage
                0x080096f4      0x14a CMakeFiles/single_timer_interrupt.dir/Middlewares/ST/STM32_USB_Device_Library/Core/Src/usbd_core.c.obj
                0x080096f4                USBD_LL_DataInStage
 .text.USBD_LL_Reset
                0x0800983e       0x82 CMakeFiles/single_timer_interrupt.dir/Middlewares/ST/STM32_USB_Device_Library/Core/Src/usbd_core.c.obj
                0x0800983e                USBD_LL_Reset
 .text.USBD_LL_SetSpeed
                0x080098c0       0x20 CMakeFiles/single_timer_interrupt.dir/Middlewares/ST/STM32_USB_Device_Library/Core/Src/usbd_core.c.obj
                0x080098c0                USBD_LL_SetSpeed
 .text.USBD_LL_Suspend
                0x080098e0       0x2a CMakeFiles/single_timer_interrupt.dir/Middlewares/ST/STM32_USB_Device_Library/Core/Src/usbd_core.c.obj
                0x080098e0                USBD_LL_Suspend
 .text.USBD_LL_Resume
                0x0800990a       0x2c CMakeFiles/single_timer_interrupt.dir/Middlewares/ST/STM32_USB_Device_Library/Core/Src/usbd_core.c.obj
                0x0800990a                USBD_LL_Resume
 .text.USBD_LL_SOF
                0x08009936       0x34 CMakeFiles/single_timer_interrupt.dir/Middlewares/ST/STM32_USB_Device_Library/Core/Src/usbd_core.c.obj
                0x08009936                USBD_LL_SOF
 *fill*         0x0800996a        0x2 
 .text.USBD_StdDevReq
                0x0800996c       0xd4 CMakeFiles/single_timer_interrupt.dir/Middlewares/ST/STM32_USB_Device_Library/Core/Src/usbd_ctlreq.c.obj
                0x0800996c                USBD_StdDevReq
 .text.USBD_StdItfReq
                0x08009a40       0x90 CMakeFiles/single_timer_interrupt.dir/Middlewares/ST/STM32_USB_Device_Library/Core/Src/usbd_ctlreq.c.obj
                0x08009a40                USBD_StdItfReq
 .text.USBD_StdEPReq
                0x08009ad0      0x2c6 CMakeFiles/single_timer_interrupt.dir/Middlewares/ST/STM32_USB_Device_Library/Core/Src/usbd_ctlreq.c.obj
                0x08009ad0                USBD_StdEPReq
 *fill*         0x08009d96        0x2 
 .text.USBD_GetDescriptor
                0x08009d98      0x2d0 CMakeFiles/single_timer_interrupt.dir/Middlewares/ST/STM32_USB_Device_Library/Core/Src/usbd_ctlreq.c.obj
 .text.USBD_SetAddress
                0x0800a068       0x86 CMakeFiles/single_timer_interrupt.dir/Middlewares/ST/STM32_USB_Device_Library/Core/Src/usbd_ctlreq.c.obj
 *fill*         0x0800a0ee        0x2 
 .text.USBD_SetConfig
                0x0800a0f0      0x11c CMakeFiles/single_timer_interrupt.dir/Middlewares/ST/STM32_USB_Device_Library/Core/Src/usbd_ctlreq.c.obj
 .text.USBD_GetConfig
                0x0800a20c       0x6a CMakeFiles/single_timer_interrupt.dir/Middlewares/ST/STM32_USB_Device_Library/Core/Src/usbd_ctlreq.c.obj
 .text.USBD_GetStatus
                0x0800a276       0x66 CMakeFiles/single_timer_interrupt.dir/Middlewares/ST/STM32_USB_Device_Library/Core/Src/usbd_ctlreq.c.obj
 .text.USBD_SetFeature
                0x0800a2dc       0x28 CMakeFiles/single_timer_interrupt.dir/Middlewares/ST/STM32_USB_Device_Library/Core/Src/usbd_ctlreq.c.obj
 .text.USBD_ClrFeature
                0x0800a304       0x42 CMakeFiles/single_timer_interrupt.dir/Middlewares/ST/STM32_USB_Device_Library/Core/Src/usbd_ctlreq.c.obj
 .text.USBD_ParseSetupRequest
                0x0800a346       0x74 CMakeFiles/single_timer_interrupt.dir/Middlewares/ST/STM32_USB_Device_Library/Core/Src/usbd_ctlreq.c.obj
                0x0800a346                USBD_ParseSetupRequest
 .text.USBD_CtlError
                0x0800a3ba       0x22 CMakeFiles/single_timer_interrupt.dir/Middlewares/ST/STM32_USB_Device_Library/Core/Src/usbd_ctlreq.c.obj
                0x0800a3ba                USBD_CtlError
 .text.USBD_GetString
                0x0800a3dc       0x84 CMakeFiles/single_timer_interrupt.dir/Middlewares/ST/STM32_USB_Device_Library/Core/Src/usbd_ctlreq.c.obj
                0x0800a3dc                USBD_GetString
 .text.USBD_GetLen
                0x0800a460       0x30 CMakeFiles/single_timer_interrupt.dir/Middlewares/ST/STM32_USB_Device_Library/Core/Src/usbd_ctlreq.c.obj
 .text.USBD_CtlSendData
                0x0800a490       0x38 CMakeFiles/single_timer_interrupt.dir/Middlewares/ST/STM32_USB_Device_Library/Core/Src/usbd_ioreq.c.obj
                0x0800a490                USBD_CtlSendData
 .text.USBD_CtlContinueSendData
                0x0800a4c8       0x24 CMakeFiles/single_timer_interrupt.dir/Middlewares/ST/STM32_USB_Device_Library/Core/Src/usbd_ioreq.c.obj
                0x0800a4c8                USBD_CtlContinueSendData
 .text.USBD_CtlPrepareRx
                0x0800a4ec       0x3c CMakeFiles/single_timer_interrupt.dir/Middlewares/ST/STM32_USB_Device_Library/Core/Src/usbd_ioreq.c.obj
                0x0800a4ec                USBD_CtlPrepareRx
 .text.USBD_CtlContinueRx
                0x0800a528       0x24 CMakeFiles/single_timer_interrupt.dir/Middlewares/ST/STM32_USB_Device_Library/Core/Src/usbd_ioreq.c.obj
                0x0800a528                USBD_CtlContinueRx
 .text.USBD_CtlSendStatus
                0x0800a54c       0x26 CMakeFiles/single_timer_interrupt.dir/Middlewares/ST/STM32_USB_Device_Library/Core/Src/usbd_ioreq.c.obj
                0x0800a54c                USBD_CtlSendStatus
 .text.USBD_CtlReceiveStatus
                0x0800a572       0x26 CMakeFiles/single_timer_interrupt.dir/Middlewares/ST/STM32_USB_Device_Library/Core/Src/usbd_ioreq.c.obj
                0x0800a572                USBD_CtlReceiveStatus
 .text.USBD_CDC_Init
                0x0800a598       0xf4 CMakeFiles/single_timer_interrupt.dir/Middlewares/ST/STM32_USB_Device_Library/Class/CDC/Src/usbd_cdc.c.obj
 .text.USBD_CDC_DeInit
                0x0800a68c       0x6e CMakeFiles/single_timer_interrupt.dir/Middlewares/ST/STM32_USB_Device_Library/Class/CDC/Src/usbd_cdc.c.obj
 .text.USBD_CDC_Setup
                0x0800a6fa      0x146 CMakeFiles/single_timer_interrupt.dir/Middlewares/ST/STM32_USB_Device_Library/Class/CDC/Src/usbd_cdc.c.obj
 .text.USBD_CDC_DataIn
                0x0800a840       0xa6 CMakeFiles/single_timer_interrupt.dir/Middlewares/ST/STM32_USB_Device_Library/Class/CDC/Src/usbd_cdc.c.obj
 .text.USBD_CDC_DataOut
                0x0800a8e6       0x56 CMakeFiles/single_timer_interrupt.dir/Middlewares/ST/STM32_USB_Device_Library/Class/CDC/Src/usbd_cdc.c.obj
 .text.USBD_CDC_EP0_RxReady
                0x0800a93c       0x4e CMakeFiles/single_timer_interrupt.dir/Middlewares/ST/STM32_USB_Device_Library/Class/CDC/Src/usbd_cdc.c.obj
 *fill*         0x0800a98a        0x2 
 .text.USBD_CDC_GetFSCfgDesc
                0x0800a98c       0x20 CMakeFiles/single_timer_interrupt.dir/Middlewares/ST/STM32_USB_Device_Library/Class/CDC/Src/usbd_cdc.c.obj
 .text.USBD_CDC_GetHSCfgDesc
                0x0800a9ac       0x20 CMakeFiles/single_timer_interrupt.dir/Middlewares/ST/STM32_USB_Device_Library/Class/CDC/Src/usbd_cdc.c.obj
 .text.USBD_CDC_GetOtherSpeedCfgDesc
                0x0800a9cc       0x20 CMakeFiles/single_timer_interrupt.dir/Middlewares/ST/STM32_USB_Device_Library/Class/CDC/Src/usbd_cdc.c.obj
 .text.USBD_CDC_GetDeviceQualifierDescriptor
                0x0800a9ec       0x20 CMakeFiles/single_timer_interrupt.dir/Middlewares/ST/STM32_USB_Device_Library/Class/CDC/Src/usbd_cdc.c.obj
                0x0800a9ec                USBD_CDC_GetDeviceQualifierDescriptor
 .text.USBD_CDC_RegisterInterface
                0x0800aa0c       0x2e CMakeFiles/single_timer_interrupt.dir/Middlewares/ST/STM32_USB_Device_Library/Class/CDC/Src/usbd_cdc.c.obj
                0x0800aa0c                USBD_CDC_RegisterInterface
 .text.USBD_CDC_SetTxBuffer
                0x0800aa3a       0x34 CMakeFiles/single_timer_interrupt.dir/Middlewares/ST/STM32_USB_Device_Library/Class/CDC/Src/usbd_cdc.c.obj
                0x0800aa3a                USBD_CDC_SetTxBuffer
 .text.USBD_CDC_SetRxBuffer
                0x0800aa6e       0x28 CMakeFiles/single_timer_interrupt.dir/Middlewares/ST/STM32_USB_Device_Library/Class/CDC/Src/usbd_cdc.c.obj
                0x0800aa6e                USBD_CDC_SetRxBuffer
 .text.USBD_CDC_TransmitPacket
                0x0800aa96       0x5e CMakeFiles/single_timer_interrupt.dir/Middlewares/ST/STM32_USB_Device_Library/Class/CDC/Src/usbd_cdc.c.obj
                0x0800aa96                USBD_CDC_TransmitPacket
 .text.USBD_CDC_ReceivePacket
                0x0800aaf4       0x54 CMakeFiles/single_timer_interrupt.dir/Middlewares/ST/STM32_USB_Device_Library/Class/CDC/Src/usbd_cdc.c.obj
                0x0800aaf4                USBD_CDC_ReceivePacket
 .text._sbrk    0x0800ab48       0x6c CMakeFiles/single_timer_interrupt.dir/Core/Src/sysmem.c.obj
                0x0800ab48                _sbrk
 .text._read    0x0800abb4       0x3a CMakeFiles/single_timer_interrupt.dir/Core/Src/syscalls.c.obj
                0x0800abb4                _read
 .text._close   0x0800abee       0x18 CMakeFiles/single_timer_interrupt.dir/Core/Src/syscalls.c.obj
                0x0800abee                _close
 .text._fstat   0x0800ac06       0x20 CMakeFiles/single_timer_interrupt.dir/Core/Src/syscalls.c.obj
                0x0800ac06                _fstat
 .text._isatty  0x0800ac26       0x16 CMakeFiles/single_timer_interrupt.dir/Core/Src/syscalls.c.obj
                0x0800ac26                _isatty
 .text._lseek   0x0800ac3c       0x1a CMakeFiles/single_timer_interrupt.dir/Core/Src/syscalls.c.obj
                0x0800ac3c                _lseek
 *fill*         0x0800ac56        0x2 
 .text.Reset_Handler
                0x0800ac58       0x50 CMakeFiles/single_timer_interrupt.dir/startup_stm32f303xc.s.obj
                0x0800ac58                Reset_Handler
 .text.Default_Handler
                0x0800aca8        0x2 CMakeFiles/single_timer_interrupt.dir/startup_stm32f303xc.s.obj
                0x0800aca8                RTC_Alarm_IRQHandler
                0x0800aca8                TIM8_TRG_COM_IRQHandler
                0x0800aca8                TIM8_CC_IRQHandler
                0x0800aca8                TIM1_CC_IRQHandler
                0x0800aca8                USB_HP_IRQHandler
                0x0800aca8                PVD_IRQHandler
                0x0800aca8                TAMP_STAMP_IRQHandler
                0x0800aca8                EXTI3_IRQHandler
                0x0800aca8                USB_HP_CAN_TX_IRQHandler
                0x0800aca8                EXTI0_IRQHandler
                0x0800aca8                I2C2_EV_IRQHandler
                0x0800aca8                FPU_IRQHandler
                0x0800aca8                TIM1_UP_TIM16_IRQHandler
                0x0800aca8                ADC1_2_IRQHandler
                0x0800aca8                SPI1_IRQHandler
                0x0800aca8                CAN_SCE_IRQHandler
                0x0800aca8                TIM6_DAC_IRQHandler
                0x0800aca8                DMA2_Channel2_IRQHandler
                0x0800aca8                DMA1_Channel4_IRQHandler
                0x0800aca8                USART3_IRQHandler
                0x0800aca8                DMA1_Channel7_IRQHandler
                0x0800aca8                UART5_IRQHandler
                0x0800aca8                ADC3_IRQHandler
                0x0800aca8                TIM4_IRQHandler
                0x0800aca8                CAN_RX1_IRQHandler
                0x0800aca8                DMA2_Channel1_IRQHandler
                0x0800aca8                I2C1_EV_IRQHandler
                0x0800aca8                DMA1_Channel6_IRQHandler
                0x0800aca8                UART4_IRQHandler
                0x0800aca8                DMA2_Channel4_IRQHandler
                0x0800aca8                TIM3_IRQHandler
                0x0800aca8                RCC_IRQHandler
                0x0800aca8                DMA1_Channel1_IRQHandler
                0x0800aca8                Default_Handler
                0x0800aca8                USBWakeUp_RMP_IRQHandler
                0x0800aca8                EXTI15_10_IRQHandler
                0x0800aca8                TIM7_IRQHandler
                0x0800aca8                EXTI9_5_IRQHandler
                0x0800aca8                RTC_WKUP_IRQHandler
                0x0800aca8                SPI2_IRQHandler
                0x0800aca8                DMA2_Channel5_IRQHandler
                0x0800aca8                DMA1_Channel5_IRQHandler
                0x0800aca8                USB_LP_IRQHandler
                0x0800aca8                EXTI4_IRQHandler
                0x0800aca8                TIM1_TRG_COM_TIM17_IRQHandler
                0x0800aca8                DMA1_Channel3_IRQHandler
                0x0800aca8                ADC4_IRQHandler
                0x0800aca8                WWDG_IRQHandler
                0x0800aca8                TIM2_IRQHandler
                0x0800aca8                COMP7_IRQHandler
                0x0800aca8                COMP1_2_3_IRQHandler
                0x0800aca8                EXTI1_IRQHandler
                0x0800aca8                USART2_IRQHandler
                0x0800aca8                COMP4_5_6_IRQHandler
                0x0800aca8                I2C2_ER_IRQHandler
                0x0800aca8                DMA1_Channel2_IRQHandler
                0x0800aca8                TIM8_BRK_IRQHandler
                0x0800aca8                FLASH_IRQHandler
                0x0800aca8                USART1_IRQHandler
                0x0800aca8                SPI3_IRQHandler
                0x0800aca8                I2C1_ER_IRQHandler
                0x0800aca8                USBWakeUp_IRQHandler
                0x0800aca8                DMA2_Channel3_IRQHandler
                0x0800aca8                EXTI2_TSC_IRQHandler
                0x0800aca8                TIM1_BRK_TIM15_IRQHandler
 *(.glue_7)
 .glue_7        0x0800acaa        0x0 linker stubs
 *(.glue_7t)
 .glue_7t       0x0800acaa        0x0 linker stubs
 *(.eh_frame)
 *fill*         0x0800acaa        0x2 
 .eh_frame      0x0800acac        0x0 /usr/lib/gcc/arm-none-eabi/13.2.1/thumb/v7e-m+fp/hard/crtbegin.o
 *(.init)
 .init          0x0800acac        0x4 /usr/lib/gcc/arm-none-eabi/13.2.1/thumb/v7e-m+fp/hard/crti.o
                0x0800acac                _init
 .init          0x0800acb0        0x8 /usr/lib/gcc/arm-none-eabi/13.2.1/thumb/v7e-m+fp/hard/crtn.o
 *(.fini)
 .fini          0x0800acb8        0x4 /usr/lib/gcc/arm-none-eabi/13.2.1/thumb/v7e-m+fp/hard/crti.o
                0x0800acb8                _fini
 .fini          0x0800acbc        0x8 /usr/lib/gcc/arm-none-eabi/13.2.1/thumb/v7e-m+fp/hard/crtn.o
                0x0800acc4                        . = ALIGN (0x4)
                0x0800acc4                        _etext = .

.vfp11_veneer   0x0800acc4        0x0
 .vfp11_veneer  0x0800acc4        0x0 linker stubs

.v4_bx          0x0800acc4        0x0
 .v4_bx         0x0800acc4        0x0 linker stubs

.iplt           0x0800acc4        0x0
 .iplt          0x0800acc4        0x0 /usr/lib/gcc/arm-none-eabi/13.2.1/thumb/v7e-m+fp/hard/crtbegin.o

.rodata         0x0800acc4       0xd8
                0x0800acc4                        . = ALIGN (0x4)
 *(.rodata)
 .rodata        0x0800acc4       0x1c CMakeFiles/single_timer_interrupt.dir/Core/Src/main.c.obj
 .rodata        0x0800ace0        0x7 CMakeFiles/single_timer_interrupt.dir/USB_DEVICE/App/usb_device.c.obj
 *fill*         0x0800ace7        0x1 
 .rodata        0x0800ace8       0x46 CMakeFiles/single_timer_interrupt.dir/USB_DEVICE/App/usbd_desc.c.obj
 *(.rodata*)
 *fill*         0x0800ad2e        0x2 
 .rodata.aPLLMULFactorTable
                0x0800ad30       0x10 CMakeFiles/single_timer_interrupt.dir/Drivers/STM32F3xx_HAL_Driver/Src/stm32f3xx_hal_rcc.c.obj
 .rodata.aPredivFactorTable
                0x0800ad40       0x10 CMakeFiles/single_timer_interrupt.dir/Drivers/STM32F3xx_HAL_Driver/Src/stm32f3xx_hal_rcc.c.obj
 .rodata.AHBPrescTable
                0x0800ad50       0x10 CMakeFiles/single_timer_interrupt.dir/Core/Src/system_stm32f3xx.c.obj
                0x0800ad50                AHBPrescTable
 .rodata.str1.4
                0x0800ad60       0x39 /usr/lib/gcc/arm-none-eabi/13.2.1/../../../arm-none-eabi/lib/thumb/v7e-m+fp/hard/libg_nano.a(libc_a-nano-vfprintf.o)
                                 0x13 (size before relaxing)
 .rodata.str1.4
                0x0800ad99       0x25 /usr/lib/gcc/arm-none-eabi/13.2.1/../../../arm-none-eabi/lib/thumb/v7e-m+fp/hard/libg_nano.a(libc_a-nano-vfprintf_i.o)
                0x0800adc0                        . = ALIGN (0x4)
 *fill*         0x0800ad99        0x3 

.ARM.extab
 *(.ARM.extab* .gnu.linkonce.armextab.*)

.ARM            0x0800ad9c        0x8
                0x0800ad9c                        __exidx_start = .
 *(.ARM.exidx*)
 .ARM.exidx     0x0800ad9c        0x8 /usr/lib/gcc/arm-none-eabi/13.2.1/../../../arm-none-eabi/lib/thumb/v7e-m+fp/hard/libg_nano.a(libc_a-memchr.o)
 .ARM.exidx     0x0800ada4        0x0 /usr/lib/gcc/arm-none-eabi/13.2.1/../../../arm-none-eabi/lib/thumb/v7e-m+fp/hard/libg_nano.a(libc_a-memcpy.o)
                                  0x8 (size before relaxing)
                0x0800ada4                        __exidx_end = .

.rel.dyn        0x0800ada4        0x0
 .rel.iplt      0x0800ada4        0x0 /usr/lib/gcc/arm-none-eabi/13.2.1/thumb/v7e-m+fp/hard/crtbegin.o

.preinit_array  0x0800ada4        0x0
                0x0800ada4                        PROVIDE (__preinit_array_start = .)
 *(.preinit_array*)
                0x0800ada4                        PROVIDE (__preinit_array_end = .)

.init_array     0x0800ada4        0x4
                0x0800ada4                        PROVIDE (__init_array_start = .)
 *(SORT_BY_NAME(.init_array.*))
 *(.init_array*)
 .init_array    0x0800ada4        0x4 /usr/lib/gcc/arm-none-eabi/13.2.1/thumb/v7e-m+fp/hard/crtbegin.o
                0x0800ada8                        PROVIDE (__init_array_end = .)

.fini_array     0x0800ada8        0x4
                0x0800ada8                        PROVIDE (__fini_array_start = .)
 *(SORT_BY_NAME(.fini_array.*))
 *(.fini_array*)
 .fini_array    0x0800ada8        0x4 /usr/lib/gcc/arm-none-eabi/13.2.1/thumb/v7e-m+fp/hard/crtbegin.o
                0x0800adac                        PROVIDE (__fini_array_end = .)
                0x0800adac                        _sidata = LOADADDR (.data)

.data           0x20000000      0x208 load address 0x0800adac
                0x20000000                        . = ALIGN (0x4)
                0x20000000                        _sdata = .
 *(.data)
 .data          0x20000000        0xc /usr/lib/gcc/arm-none-eabi/13.2.1/../../../arm-none-eabi/lib/thumb/v7e-m+fp/hard/libc_nano.a(libc_a-findfp.o)
                0x20000000                __sglue
 .data          0x2000000c       0x50 /usr/lib/gcc/arm-none-eabi/13.2.1/../../../arm-none-eabi/lib/thumb/v7e-m+fp/hard/libc_nano.a(libc_a-impure.o)
                0x2000000c                _impure_ptr
                0x20000010                _impure_data
 *(.data*)
 .data.phase_u  0x2000005c       0x10 CMakeFiles/single_timer_interrupt.dir/Core/Src/inverter_control.c.obj
 .data.phase_v  0x2000006c       0x10 CMakeFiles/single_timer_interrupt.dir/Core/Src/inverter_control.c.obj
 .data.phase_w  0x2000007c       0x10 CMakeFiles/single_timer_interrupt.dir/Core/Src/inverter_control.c.obj
 .data.FS_Desc  0x2000008c       0x1c CMakeFiles/single_timer_interrupt.dir/USB_DEVICE/App/usbd_desc.c.obj
                0x2000008c                FS_Desc
 .data.USBD_FS_DeviceDesc
                0x200000a8       0x12 CMakeFiles/single_timer_interrupt.dir/USB_DEVICE/App/usbd_desc.c.obj
                0x200000a8                USBD_FS_DeviceDesc
 *fill*         0x200000ba        0x2 
 .data.USBD_LangIDDesc
                0x200000bc        0x4 CMakeFiles/single_timer_interrupt.dir/USB_DEVICE/App/usbd_desc.c.obj
                0x200000bc                USBD_LangIDDesc
 .data.USBD_StringSerial
                0x200000c0       0x1a CMakeFiles/single_timer_interrupt.dir/USB_DEVICE/App/usbd_desc.c.obj
                0x200000c0                USBD_StringSerial
 *fill*         0x200000da        0x2 
 .data.USBD_Interface_fops_FS
                0x200000dc       0x10 CMakeFiles/single_timer_interrupt.dir/USB_DEVICE/App/usbd_cdc_if.c.obj
                0x200000dc                USBD_Interface_fops_FS
 .data.uwTickPrio
                0x200000ec        0x4 CMakeFiles/single_timer_interrupt.dir/Drivers/STM32F3xx_HAL_Driver/Src/stm32f3xx_hal.c.obj
                0x200000ec                uwTickPrio
 .data.uwTickFreq
                0x200000f0        0x1 CMakeFiles/single_timer_interrupt.dir/Drivers/STM32F3xx_HAL_Driver/Src/stm32f3xx_hal.c.obj
                0x200000f0                uwTickFreq
 *fill*         0x200000f1        0x3 
 .data.SystemCoreClock
                0x200000f4        0x4 CMakeFiles/single_timer_interrupt.dir/Core/Src/system_stm32f3xx.c.obj
                0x200000f4                SystemCoreClock
 .data.USBD_CDC_DeviceQualifierDesc
                0x200000f8        0xa CMakeFiles/single_timer_interrupt.dir/Middlewares/ST/STM32_USB_Device_Library/Class/CDC/Src/usbd_cdc.c.obj
 *fill*         0x20000102        0x2 
 .data.USBD_CDC
                0x20000104       0x38 CMakeFiles/single_timer_interrupt.dir/Middlewares/ST/STM32_USB_Device_Library/Class/CDC/Src/usbd_cdc.c.obj
                0x20000104                USBD_CDC
 .data.USBD_CDC_CfgHSDesc
                0x2000013c       0x43 CMakeFiles/single_timer_interrupt.dir/Middlewares/ST/STM32_USB_Device_Library/Class/CDC/Src/usbd_cdc.c.obj
                0x2000013c                USBD_CDC_CfgHSDesc
 *fill*         0x2000017f        0x1 
 .data.USBD_CDC_CfgFSDesc
                0x20000180       0x43 CMakeFiles/single_timer_interrupt.dir/Middlewares/ST/STM32_USB_Device_Library/Class/CDC/Src/usbd_cdc.c.obj
                0x20000180                USBD_CDC_CfgFSDesc
 *fill*         0x200001c3        0x1 
 .data.USBD_CDC_OtherSpeedCfgDesc
                0x200001c4       0x43 CMakeFiles/single_timer_interrupt.dir/Middlewares/ST/STM32_USB_Device_Library/Class/CDC/Src/usbd_cdc.c.obj
                0x200001c4                USBD_CDC_OtherSpeedCfgDesc
                0x20000208                        . = ALIGN (0x4)
 *fill*         0x20000207        0x1 
                0x20000208                        _edata = .
                0x0800afb4                        _siccmram = LOADADDR (.ccmram)

.tm_clone_table
                0x20000208        0x0 load address 0x0800afb4
 .tm_clone_table
                0x20000208        0x0 /usr/lib/gcc/arm-none-eabi/13.2.1/thumb/v7e-m+fp/hard/crtbegin.o
 .tm_clone_table
                0x20000208        0x0 /usr/lib/gcc/arm-none-eabi/13.2.1/thumb/v7e-m+fp/hard/crtend.o

.igot.plt       0x20000208        0x0 load address 0x0800afb4
 .igot.plt      0x20000208        0x0 /usr/lib/gcc/arm-none-eabi/13.2.1/thumb/v7e-m+fp/hard/crtbegin.o

.ccmram         0x10000000        0x0 load address 0x0800afb4
                0x10000000                        . = ALIGN (0x4)
                0x10000000                        _sccmram = .
 *(.ccmram)
 *(.ccmram*)
                0x10000000                        . = ALIGN (0x4)
                0x10000000                        _eccmram = .
                0x10000000                        . = ALIGN (0x4)

.bss            0x20000208     0x1378
                0x20000208                        _sbss = .
                0x20000208                        __bss_start__ = _sbss
 *(.bss)
 .bss           0x20000208       0x1c /usr/lib/gcc/arm-none-eabi/13.2.1/thumb/v7e-m+fp/hard/crtbegin.o
 .bss           0x20000224      0x13c /usr/lib/gcc/arm-none-eabi/13.2.1/../../../arm-none-eabi/lib/thumb/v7e-m+fp/hard/libc_nano.a(libc_a-findfp.o)
                0x20000224                __sf
                0x2000035c                __stdio_exit_handler
 .bss           0x20000360        0x8 /usr/lib/gcc/arm-none-eabi/13.2.1/../../../arm-none-eabi/lib/thumb/v7e-m+fp/hard/libc_nano.a(libc_a-mallocr.o)
                0x20000360                __malloc_sbrk_start
                0x20000364                __malloc_free_list
 .bss           0x20000368        0x4 /usr/lib/gcc/arm-none-eabi/13.2.1/../../../arm-none-eabi/lib/thumb/v7e-m+fp/hard/libc_nano.a(libc_a-reent.o)
                0x20000368                errno
 *(.bss*)
 .bss.period_counter.0
                0x2000036c        0x4 CMakeFiles/single_timer_interrupt.dir/Core/Src/inverter_control.c.obj
 .bss.htim8     0x20000370       0x4c CMakeFiles/single_timer_interrupt.dir/Core/Src/main.c.obj
                0x20000370                htim8
 .bss.hUsbDeviceFS
                0x200003bc      0x2c4 CMakeFiles/single_timer_interrupt.dir/USB_DEVICE/App/usb_device.c.obj
                0x200003bc                hUsbDeviceFS
 .bss.USBD_StrDesc
                0x20000680      0x200 CMakeFiles/single_timer_interrupt.dir/USB_DEVICE/App/usbd_desc.c.obj
                0x20000680                USBD_StrDesc
 .bss.UserRxBufferFS
                0x20000880      0x400 CMakeFiles/single_timer_interrupt.dir/USB_DEVICE/App/usbd_cdc_if.c.obj
                0x20000880                UserRxBufferFS
 .bss.UserTxBufferFS
                0x20000c80      0x400 CMakeFiles/single_timer_interrupt.dir/USB_DEVICE/App/usbd_cdc_if.c.obj
                0x20000c80                UserTxBufferFS
 .bss.hpcd_USB_FS
                0x20001080      0x2d4 CMakeFiles/single_timer_interrupt.dir/USB_DEVICE/Target/usbd_conf.c.obj
                0x20001080                hpcd_USB_FS
 .bss.mem.0     0x20001354      0x220 CMakeFiles/single_timer_interrupt.dir/USB_DEVICE/Target/usbd_conf.c.obj
 .bss.uwTick    0x20001574        0x4 CMakeFiles/single_timer_interrupt.dir/Drivers/STM32F3xx_HAL_Driver/Src/stm32f3xx_hal.c.obj
                0x20001574                uwTick
 .bss.cfgidx.0  0x20001578        0x1 CMakeFiles/single_timer_interrupt.dir/Middlewares/ST/STM32_USB_Device_Library/Core/Src/usbd_ctlreq.c.obj
 *fill*         0x20001579        0x3 
 .bss.__sbrk_heap_end
                0x2000157c        0x4 CMakeFiles/single_timer_interrupt.dir/Core/Src/sysmem.c.obj
 *(COMMON)
                0x20001580                        . = ALIGN (0x4)
                0x20001580                        _ebss = .
                0x20001580                        __bss_end__ = _ebss

._user_heap_stack
                0x20001580      0x600
                0x20001580                        . = ALIGN (0x8)
                [!provide]                        PROVIDE (end = .)
                0x20001580                        PROVIDE (_end = .)
                0x20001780                        . = (. + _Min_Heap_Size)
 *fill*         0x20001580      0x200 
                0x20001b80                        . = (. + _Min_Stack_Size)
 *fill*         0x20001780      0x400 
                0x20001b80                        . = ALIGN (0x8)

/DISCARD/
 libc.a(*)
 libm.a(*)
 libgcc.a(*)
OUTPUT(single_timer_interrupt.elf elf32-littlearm)
LOAD linker stubs
LOAD /usr/lib/gcc/arm-none-eabi/13.2.1/../../../arm-none-eabi/lib/thumb/v7e-m+fp/hard/libc.a
LOAD /usr/lib/gcc/arm-none-eabi/13.2.1/../../../arm-none-eabi/lib/thumb/v7e-m+fp/hard/libm.a
LOAD /usr/lib/gcc/arm-none-eabi/13.2.1/thumb/v7e-m+fp/hard/libgcc.a

.ARM.attributes
                0x00000000       0x30
 .ARM.attributes
                0x00000000       0x22 /usr/lib/gcc/arm-none-eabi/13.2.1/thumb/v7e-m+fp/hard/crti.o
 .ARM.attributes
                0x00000022       0x34 /usr/lib/gcc/arm-none-eabi/13.2.1/thumb/v7e-m+fp/hard/crtbegin.o
 .ARM.attributes
                0x00000056       0x34 /usr/lib/gcc/arm-none-eabi/13.2.1/../../../arm-none-eabi/lib/thumb/v7e-m+fp/hard/libc_nano.a(libc_a-init.o)
 .ARM.attributes
                0x0000008a       0x34 /usr/lib/gcc/arm-none-eabi/13.2.1/../../../arm-none-eabi/lib/thumb/v7e-m+fp/hard/libc_nano.a(libc_a-memset.o)
 .ARM.attributes
                0x000000be       0x34 /usr/lib/gcc/arm-none-eabi/13.2.1/../../../arm-none-eabi/lib/thumb/v7e-m+fp/hard/libc_nano.a(libc_a-findfp.o)
 .ARM.attributes
                0x000000f2       0x34 /usr/lib/gcc/arm-none-eabi/13.2.1/../../../arm-none-eabi/lib/thumb/v7e-m+fp/hard/libc_nano.a(libc_a-fflush.o)
 .ARM.attributes
                0x00000126       0x34 /usr/lib/gcc/arm-none-eabi/13.2.1/../../../arm-none-eabi/lib/thumb/v7e-m+fp/hard/libc_nano.a(libc_a-mallocr.o)
 .ARM.attributes
                0x0000015a       0x34 /usr/lib/gcc/arm-none-eabi/13.2.1/../../../arm-none-eabi/lib/thumb/v7e-m+fp/hard/libc_nano.a(libc_a-freer.o)
 .ARM.attributes
                0x0000018e       0x34 /usr/lib/gcc/arm-none-eabi/13.2.1/../../../arm-none-eabi/lib/thumb/v7e-m+fp/hard/libc_nano.a(libc_a-fwalk.o)
 .ARM.attributes
                0x000001c2       0x34 /usr/lib/gcc/arm-none-eabi/13.2.1/../../../arm-none-eabi/lib/thumb/v7e-m+fp/hard/libc_nano.a(libc_a-mlock.o)
 .ARM.attributes
                0x000001f6       0x34 /usr/lib/gcc/arm-none-eabi/13.2.1/../../../arm-none-eabi/lib/thumb/v7e-m+fp/hard/libc_nano.a(libc_a-sbrkr.o)
 .ARM.attributes
                0x0000022a       0x34 /usr/lib/gcc/arm-none-eabi/13.2.1/../../../arm-none-eabi/lib/thumb/v7e-m+fp/hard/libc_nano.a(libc_a-stdio.o)
 .ARM.attributes
                0x0000025e       0x34 /usr/lib/gcc/arm-none-eabi/13.2.1/../../../arm-none-eabi/lib/thumb/v7e-m+fp/hard/libc_nano.a(libc_a-impure.o)
 .ARM.attributes
                0x00000292       0x34 /usr/lib/gcc/arm-none-eabi/13.2.1/../../../arm-none-eabi/lib/thumb/v7e-m+fp/hard/libc_nano.a(libc_a-closer.o)
 .ARM.attributes
                0x000002c6       0x34 /usr/lib/gcc/arm-none-eabi/13.2.1/../../../arm-none-eabi/lib/thumb/v7e-m+fp/hard/libc_nano.a(libc_a-readr.o)
 .ARM.attributes
                0x000002fa       0x34 /usr/lib/gcc/arm-none-eabi/13.2.1/../../../arm-none-eabi/lib/thumb/v7e-m+fp/hard/libc_nano.a(libc_a-reent.o)
 .ARM.attributes
                0x0000032e       0x34 /usr/lib/gcc/arm-none-eabi/13.2.1/../../../arm-none-eabi/lib/thumb/v7e-m+fp/hard/libc_nano.a(libc_a-lseekr.o)
 .ARM.attributes
                0x00000362       0x34 /usr/lib/gcc/arm-none-eabi/13.2.1/../../../arm-none-eabi/lib/thumb/v7e-m+fp/hard/libc_nano.a(libc_a-writer.o)
 .ARM.attributes
                0x00000396       0x34 CMakeFiles/single_timer_interrupt.dir/Core/Src/inverter_control.c.obj
 .ARM.attributes
                0x000003ca       0x34 CMakeFiles/single_timer_interrupt.dir/Core/Src/main.c.obj
 .ARM.attributes
                0x000003fe       0x34 CMakeFiles/single_timer_interrupt.dir/Core/Src/stm32f3xx_it.c.obj
 .ARM.attributes
                0x00000432       0x34 CMakeFiles/single_timer_interrupt.dir/Core/Src/stm32f3xx_hal_msp.c.obj
 .ARM.attributes
                0x00000466       0x34 CMakeFiles/single_timer_interrupt.dir/USB_DEVICE/App/usb_device.c.obj
 .ARM.attributes
                0x0000049a       0x34 CMakeFiles/single_timer_interrupt.dir/USB_DEVICE/App/usbd_desc.c.obj
 .ARM.attributes
                0x000004ce       0x34 CMakeFiles/single_timer_interrupt.dir/USB_DEVICE/App/usbd_cdc_if.c.obj
 .ARM.attributes
                0x00000502       0x34 CMakeFiles/single_timer_interrupt.dir/USB_DEVICE/Target/usbd_conf.c.obj
 .ARM.attributes
                0x00000536       0x34 CMakeFiles/single_timer_interrupt.dir/Drivers/STM32F3xx_HAL_Driver/Src/stm32f3xx_ll_usb.c.obj
 .ARM.attributes
                0x0000056a       0x34 CMakeFiles/single_timer_interrupt.dir/Drivers/STM32F3xx_HAL_Driver/Src/stm32f3xx_hal_pcd.c.obj
 .ARM.attributes
                0x0000059e       0x34 CMakeFiles/single_timer_interrupt.dir/Drivers/STM32F3xx_HAL_Driver/Src/stm32f3xx_hal_pcd_ex.c.obj
 .ARM.attributes
                0x000005d2       0x34 CMakeFiles/single_timer_interrupt.dir/Drivers/STM32F3xx_HAL_Driver/Src/stm32f3xx_hal.c.obj
 .ARM.attributes
                0x00000606       0x34 CMakeFiles/single_timer_interrupt.dir/Drivers/STM32F3xx_HAL_Driver/Src/stm32f3xx_hal_rcc.c.obj
 .ARM.attributes
                0x0000063a       0x34 CMakeFiles/single_timer_interrupt.dir/Drivers/STM32F3xx_HAL_Driver/Src/stm32f3xx_hal_rcc_ex.c.obj
 .ARM.attributes
                0x0000066e       0x34 CMakeFiles/single_timer_interrupt.dir/Drivers/STM32F3xx_HAL_Driver/Src/stm32f3xx_hal_gpio.c.obj
 .ARM.attributes
                0x000006a2       0x34 CMakeFiles/single_timer_interrupt.dir/Drivers/STM32F3xx_HAL_Driver/Src/stm32f3xx_hal_cortex.c.obj
 .ARM.attributes
                0x000006d6       0x34 CMakeFiles/single_timer_interrupt.dir/Drivers/STM32F3xx_HAL_Driver/Src/stm32f3xx_hal_tim.c.obj
 .ARM.attributes
                0x0000070a       0x34 CMakeFiles/single_timer_interrupt.dir/Drivers/STM32F3xx_HAL_Driver/Src/stm32f3xx_hal_tim_ex.c.obj
 .ARM.attributes
                0x0000073e       0x34 CMakeFiles/single_timer_interrupt.dir/Core/Src/system_stm32f3xx.c.obj
 .ARM.attributes
                0x00000772       0x34 CMakeFiles/single_timer_interrupt.dir/Middlewares/ST/STM32_USB_Device_Library/Core/Src/usbd_core.c.obj
 .ARM.attributes
                0x000007a6       0x34 CMakeFiles/single_timer_interrupt.dir/Middlewares/ST/STM32_USB_Device_Library/Core/Src/usbd_ctlreq.c.obj
 .ARM.attributes
                0x000007da       0x34 CMakeFiles/single_timer_interrupt.dir/Middlewares/ST/STM32_USB_Device_Library/Core/Src/usbd_ioreq.c.obj
 .ARM.attributes
                0x0000080e       0x34 CMakeFiles/single_timer_interrupt.dir/Middlewares/ST/STM32_USB_Device_Library/Class/CDC/Src/usbd_cdc.c.obj
 .ARM.attributes
                0x00000842       0x34 CMakeFiles/single_timer_interrupt.dir/Core/Src/sysmem.c.obj
 .ARM.attributes
                0x00000876       0x34 CMakeFiles/single_timer_interrupt.dir/Core/Src/syscalls.c.obj
 .ARM.attributes
                0x000008aa       0x21 CMakeFiles/single_timer_interrupt.dir/startup_stm32f303xc.s.obj
 .ARM.attributes
                0x000008cb       0x34 /usr/lib/gcc/arm-none-eabi/13.2.1/../../../arm-none-eabi/lib/thumb/v7e-m+fp/hard/libg_nano.a(libc_a-puts.o)
 .ARM.attributes
                0x000008ff       0x34 /usr/lib/gcc/arm-none-eabi/13.2.1/../../../arm-none-eabi/lib/thumb/v7e-m+fp/hard/libg_nano.a(libc_a-putchar.o)
 .ARM.attributes
                0x00000933       0x34 /usr/lib/gcc/arm-none-eabi/13.2.1/../../../arm-none-eabi/lib/thumb/v7e-m+fp/hard/libg_nano.a(libc_a-errno.o)
 .ARM.attributes
                0x00000967       0x34 /usr/lib/gcc/arm-none-eabi/13.2.1/../../../arm-none-eabi/lib/thumb/v7e-m+fp/hard/libg_nano.a(libc_a-wsetup.o)
 .ARM.attributes
                0x0000099b       0x34 /usr/lib/gcc/arm-none-eabi/13.2.1/../../../arm-none-eabi/lib/thumb/v7e-m+fp/hard/libg_nano.a(libc_a-putc.o)
 .ARM.attributes
                0x000009cf       0x34 /usr/lib/gcc/arm-none-eabi/13.2.1/../../../arm-none-eabi/lib/thumb/v7e-m+fp/hard/libg_nano.a(libc_a-makebuf.o)
 .ARM.attributes
                0x00000a03       0x34 /usr/lib/gcc/arm-none-eabi/13.2.1/../../../arm-none-eabi/lib/thumb/v7e-m+fp/hard/libg_nano.a(libc_a-printf.o)
 .ARM.attributes
                0x00000a37       0x34 /usr/lib/gcc/arm-none-eabi/13.2.1/../../../arm-none-eabi/lib/thumb/v7e-m+fp/hard/libg_nano.a(libc_a-isattyr.o)
 .ARM.attributes
                0x00000a6b       0x34 /usr/lib/gcc/arm-none-eabi/13.2.1/../../../arm-none-eabi/lib/thumb/v7e-m+fp/hard/libg_nano.a(libc_a-nano-vfprintf.o)
 .ARM.attributes
                0x00000a9f       0x34 /usr/lib/gcc/arm-none-eabi/13.2.1/../../../arm-none-eabi/lib/thumb/v7e-m+fp/hard/libg_nano.a(libc_a-wbuf.o)
 .ARM.attributes
                0x00000ad3       0x34 /usr/lib/gcc/arm-none-eabi/13.2.1/../../../arm-none-eabi/lib/thumb/v7e-m+fp/hard/libg_nano.a(libc_a-fvwrite.o)
 .ARM.attributes
                0x00000b07       0x34 /usr/lib/gcc/arm-none-eabi/13.2.1/../../../arm-none-eabi/lib/thumb/v7e-m+fp/hard/libg_nano.a(libc_a-memmove.o)
 .ARM.attributes
                0x00000b3b       0x1c /usr/lib/gcc/arm-none-eabi/13.2.1/../../../arm-none-eabi/lib/thumb/v7e-m+fp/hard/libg_nano.a(libc_a-memchr.o)
 .ARM.attributes
                0x00000b57       0x20 /usr/lib/gcc/arm-none-eabi/13.2.1/../../../arm-none-eabi/lib/thumb/v7e-m+fp/hard/libg_nano.a(libc_a-memcpy.o)
 .ARM.attributes
                0x00000b77       0x34 /usr/lib/gcc/arm-none-eabi/13.2.1/../../../arm-none-eabi/lib/thumb/v7e-m+fp/hard/libg_nano.a(libc_a-reallocr.o)
 .ARM.attributes
                0x00000bab       0x34 /usr/lib/gcc/arm-none-eabi/13.2.1/../../../arm-none-eabi/lib/thumb/v7e-m+fp/hard/libg_nano.a(libc_a-nano-vfprintf_i.o)
 .ARM.attributes
                0x00000bdf       0x34 /usr/lib/gcc/arm-none-eabi/13.2.1/../../../arm-none-eabi/lib/thumb/v7e-m+fp/hard/libg_nano.a(libc_a-fstatr.o)
 .ARM.attributes
                0x00000c13       0x34 /usr/lib/gcc/arm-none-eabi/13.2.1/../../../arm-none-eabi/lib/thumb/v7e-m+fp/hard/libg_nano.a(libc_a-msizer.o)
 .ARM.attributes
                0x00000c47       0x34 /usr/lib/gcc/arm-none-eabi/13.2.1/thumb/v7e-m+fp/hard/crtend.o
 .ARM.attributes
                0x00000c7b       0x22 /usr/lib/gcc/arm-none-eabi/13.2.1/thumb/v7e-m+fp/hard/crtn.o

.comment        0x00000000       0x26
 .comment       0x00000000       0x26 /usr/lib/gcc/arm-none-eabi/13.2.1/thumb/v7e-m+fp/hard/crtbegin.o
                                 0x27 (size before relaxing)
 .comment       0x00000026       0x27 /usr/lib/gcc/arm-none-eabi/13.2.1/../../../arm-none-eabi/lib/thumb/v7e-m+fp/hard/libc_nano.a(libc_a-init.o)
 .comment       0x00000026       0x27 /usr/lib/gcc/arm-none-eabi/13.2.1/../../../arm-none-eabi/lib/thumb/v7e-m+fp/hard/libc_nano.a(libc_a-memset.o)
 .comment       0x00000026       0x27 /usr/lib/gcc/arm-none-eabi/13.2.1/../../../arm-none-eabi/lib/thumb/v7e-m+fp/hard/libc_nano.a(libc_a-findfp.o)
 .comment       0x00000026       0x27 /usr/lib/gcc/arm-none-eabi/13.2.1/../../../arm-none-eabi/lib/thumb/v7e-m+fp/hard/libc_nano.a(libc_a-fflush.o)
 .comment       0x00000026       0x27 /usr/lib/gcc/arm-none-eabi/13.2.1/../../../arm-none-eabi/lib/thumb/v7e-m+fp/hard/libc_nano.a(libc_a-mallocr.o)
 .comment       0x00000026       0x27 /usr/lib/gcc/arm-none-eabi/13.2.1/../../../arm-none-eabi/lib/thumb/v7e-m+fp/hard/libc_nano.a(libc_a-freer.o)
 .comment       0x00000026       0x27 /usr/lib/gcc/arm-none-eabi/13.2.1/../../../arm-none-eabi/lib/thumb/v7e-m+fp/hard/libc_nano.a(libc_a-fwalk.o)
 .comment       0x00000026       0x27 /usr/lib/gcc/arm-none-eabi/13.2.1/../../../arm-none-eabi/lib/thumb/v7e-m+fp/hard/libc_nano.a(libc_a-mlock.o)
 .comment       0x00000026       0x27 /usr/lib/gcc/arm-none-eabi/13.2.1/../../../arm-none-eabi/lib/thumb/v7e-m+fp/hard/libc_nano.a(libc_a-sbrkr.o)
 .comment       0x00000026       0x27 /usr/lib/gcc/arm-none-eabi/13.2.1/../../../arm-none-eabi/lib/thumb/v7e-m+fp/hard/libc_nano.a(libc_a-stdio.o)
 .comment       0x00000026       0x27 /usr/lib/gcc/arm-none-eabi/13.2.1/../../../arm-none-eabi/lib/thumb/v7e-m+fp/hard/libc_nano.a(libc_a-impure.o)
 .comment       0x00000026       0x27 /usr/lib/gcc/arm-none-eabi/13.2.1/../../../arm-none-eabi/lib/thumb/v7e-m+fp/hard/libc_nano.a(libc_a-closer.o)
 .comment       0x00000026       0x27 /usr/lib/gcc/arm-none-eabi/13.2.1/../../../arm-none-eabi/lib/thumb/v7e-m+fp/hard/libc_nano.a(libc_a-readr.o)
 .comment       0x00000026       0x27 /usr/lib/gcc/arm-none-eabi/13.2.1/../../../arm-none-eabi/lib/thumb/v7e-m+fp/hard/libc_nano.a(libc_a-reent.o)
 .comment       0x00000026       0x27 /usr/lib/gcc/arm-none-eabi/13.2.1/../../../arm-none-eabi/lib/thumb/v7e-m+fp/hard/libc_nano.a(libc_a-lseekr.o)
 .comment       0x00000026       0x27 /usr/lib/gcc/arm-none-eabi/13.2.1/../../../arm-none-eabi/lib/thumb/v7e-m+fp/hard/libc_nano.a(libc_a-writer.o)
 .comment       0x00000026       0x27 CMakeFiles/single_timer_interrupt.dir/Core/Src/inverter_control.c.obj
 .comment       0x00000026       0x27 CMakeFiles/single_timer_interrupt.dir/Core/Src/main.c.obj
 .comment       0x00000026       0x27 CMakeFiles/single_timer_interrupt.dir/Core/Src/stm32f3xx_it.c.obj
 .comment       0x00000026       0x27 CMakeFiles/single_timer_interrupt.dir/Core/Src/stm32f3xx_hal_msp.c.obj
 .comment       0x00000026       0x27 CMakeFiles/single_timer_interrupt.dir/USB_DEVICE/App/usb_device.c.obj
 .comment       0x00000026       0x27 CMakeFiles/single_timer_interrupt.dir/USB_DEVICE/App/usbd_desc.c.obj
 .comment       0x00000026       0x27 CMakeFiles/single_timer_interrupt.dir/USB_DEVICE/App/usbd_cdc_if.c.obj
 .comment       0x00000026       0x27 CMakeFiles/single_timer_interrupt.dir/USB_DEVICE/Target/usbd_conf.c.obj
 .comment       0x00000026       0x27 CMakeFiles/single_timer_interrupt.dir/Drivers/STM32F3xx_HAL_Driver/Src/stm32f3xx_ll_usb.c.obj
 .comment       0x00000026       0x27 CMakeFiles/single_timer_interrupt.dir/Drivers/STM32F3xx_HAL_Driver/Src/stm32f3xx_hal_pcd.c.obj
 .comment       0x00000026       0x27 CMakeFiles/single_timer_interrupt.dir/Drivers/STM32F3xx_HAL_Driver/Src/stm32f3xx_hal_pcd_ex.c.obj
 .comment       0x00000026       0x27 CMakeFiles/single_timer_interrupt.dir/Drivers/STM32F3xx_HAL_Driver/Src/stm32f3xx_hal.c.obj
 .comment       0x00000026       0x27 CMakeFiles/single_timer_interrupt.dir/Drivers/STM32F3xx_HAL_Driver/Src/stm32f3xx_hal_rcc.c.obj
 .comment       0x00000026       0x27 CMakeFiles/single_timer_interrupt.dir/Drivers/STM32F3xx_HAL_Driver/Src/stm32f3xx_hal_rcc_ex.c.obj
 .comment       0x00000026       0x27 CMakeFiles/single_timer_interrupt.dir/Drivers/STM32F3xx_HAL_Driver/Src/stm32f3xx_hal_gpio.c.obj
 .comment       0x00000026       0x27 CMakeFiles/single_timer_interrupt.dir/Drivers/STM32F3xx_HAL_Driver/Src/stm32f3xx_hal_cortex.c.obj
 .comment       0x00000026       0x27 CMakeFiles/single_timer_interrupt.dir/Drivers/STM32F3xx_HAL_Driver/Src/stm32f3xx_hal_tim.c.obj
 .comment       0x00000026       0x27 CMakeFiles/single_timer_interrupt.dir/Drivers/STM32F3xx_HAL_Driver/Src/stm32f3xx_hal_tim_ex.c.obj
 .comment       0x00000026       0x27 CMakeFiles/single_timer_interrupt.dir/Core/Src/system_stm32f3xx.c.obj
 .comment       0x00000026       0x27 CMakeFiles/single_timer_interrupt.dir/Middlewares/ST/STM32_USB_Device_Library/Core/Src/usbd_core.c.obj
 .comment       0x00000026       0x27 CMakeFiles/single_timer_interrupt.dir/Middlewares/ST/STM32_USB_Device_Library/Core/Src/usbd_ctlreq.c.obj
 .comment       0x00000026       0x27 CMakeFiles/single_timer_interrupt.dir/Middlewares/ST/STM32_USB_Device_Library/Core/Src/usbd_ioreq.c.obj
 .comment       0x00000026       0x27 CMakeFiles/single_timer_interrupt.dir/Middlewares/ST/STM32_USB_Device_Library/Class/CDC/Src/usbd_cdc.c.obj
 .comment       0x00000026       0x27 CMakeFiles/single_timer_interrupt.dir/Core/Src/sysmem.c.obj
 .comment       0x00000026       0x27 CMakeFiles/single_timer_interrupt.dir/Core/Src/syscalls.c.obj
 .comment       0x00000026       0x27 /usr/lib/gcc/arm-none-eabi/13.2.1/../../../arm-none-eabi/lib/thumb/v7e-m+fp/hard/libg_nano.a(libc_a-puts.o)
 .comment       0x00000026       0x27 /usr/lib/gcc/arm-none-eabi/13.2.1/../../../arm-none-eabi/lib/thumb/v7e-m+fp/hard/libg_nano.a(libc_a-putchar.o)
 .comment       0x00000026       0x27 /usr/lib/gcc/arm-none-eabi/13.2.1/../../../arm-none-eabi/lib/thumb/v7e-m+fp/hard/libg_nano.a(libc_a-errno.o)
 .comment       0x00000026       0x27 /usr/lib/gcc/arm-none-eabi/13.2.1/../../../arm-none-eabi/lib/thumb/v7e-m+fp/hard/libg_nano.a(libc_a-wsetup.o)
 .comment       0x00000026       0x27 /usr/lib/gcc/arm-none-eabi/13.2.1/../../../arm-none-eabi/lib/thumb/v7e-m+fp/hard/libg_nano.a(libc_a-putc.o)
 .comment       0x00000026       0x27 /usr/lib/gcc/arm-none-eabi/13.2.1/../../../arm-none-eabi/lib/thumb/v7e-m+fp/hard/libg_nano.a(libc_a-makebuf.o)
 .comment       0x00000026       0x27 /usr/lib/gcc/arm-none-eabi/13.2.1/../../../arm-none-eabi/lib/thumb/v7e-m+fp/hard/libg_nano.a(libc_a-printf.o)
 .comment       0x00000026       0x27 /usr/lib/gcc/arm-none-eabi/13.2.1/../../../arm-none-eabi/lib/thumb/v7e-m+fp/hard/libg_nano.a(libc_a-isattyr.o)
 .comment       0x00000026       0x27 /usr/lib/gcc/arm-none-eabi/13.2.1/../../../arm-none-eabi/lib/thumb/v7e-m+fp/hard/libg_nano.a(libc_a-nano-vfprintf.o)
 .comment       0x00000026       0x27 /usr/lib/gcc/arm-none-eabi/13.2.1/../../../arm-none-eabi/lib/thumb/v7e-m+fp/hard/libg_nano.a(libc_a-wbuf.o)
 .comment       0x00000026       0x27 /usr/lib/gcc/arm-none-eabi/13.2.1/../../../arm-none-eabi/lib/thumb/v7e-m+fp/hard/libg_nano.a(libc_a-fvwrite.o)
 .comment       0x00000026       0x27 /usr/lib/gcc/arm-none-eabi/13.2.1/../../../arm-none-eabi/lib/thumb/v7e-m+fp/hard/libg_nano.a(libc_a-memmove.o)
 .comment       0x00000026       0x27 /usr/lib/gcc/arm-none-eabi/13.2.1/../../../arm-none-eabi/lib/thumb/v7e-m+fp/hard/libg_nano.a(libc_a-reallocr.o)
 .comment       0x00000026       0x27 /usr/lib/gcc/arm-none-eabi/13.2.1/../../../arm-none-eabi/lib/thumb/v7e-m+fp/hard/libg_nano.a(libc_a-nano-vfprintf_i.o)
 .comment       0x00000026       0x27 /usr/lib/gcc/arm-none-eabi/13.2.1/../../../arm-none-eabi/lib/thumb/v7e-m+fp/hard/libg_nano.a(libc_a-fstatr.o)
 .comment       0x00000026       0x27 /usr/lib/gcc/arm-none-eabi/13.2.1/../../../arm-none-eabi/lib/thumb/v7e-m+fp/hard/libg_nano.a(libc_a-msizer.o)
 .comment       0x00000026       0x27 /usr/lib/gcc/arm-none-eabi/13.2.1/thumb/v7e-m+fp/hard/crtend.o

.debug_info     0x00000000    0x23cfe
 .debug_info    0x00000000      0x10b /usr/lib/gcc/arm-none-eabi/13.2.1/../../../arm-none-eabi/lib/thumb/v7e-m+fp/hard/libc_nano.a(libc_a-init.o)
 .debug_info    0x0000010b      0x135 /usr/lib/gcc/arm-none-eabi/13.2.1/../../../arm-none-eabi/lib/thumb/v7e-m+fp/hard/libc_nano.a(libc_a-memset.o)
 .debug_info    0x00000240      0xe8c /usr/lib/gcc/arm-none-eabi/13.2.1/../../../arm-none-eabi/lib/thumb/v7e-m+fp/hard/libc_nano.a(libc_a-findfp.o)
 .debug_info    0x000010cc      0xa33 /usr/lib/gcc/arm-none-eabi/13.2.1/../../../arm-none-eabi/lib/thumb/v7e-m+fp/hard/libc_nano.a(libc_a-fflush.o)
 .debug_info    0x00001aff      0x9b6 /usr/lib/gcc/arm-none-eabi/13.2.1/../../../arm-none-eabi/lib/thumb/v7e-m+fp/hard/libc_nano.a(libc_a-mallocr.o)
 .debug_info    0x000024b5      0x87f /usr/lib/gcc/arm-none-eabi/13.2.1/../../../arm-none-eabi/lib/thumb/v7e-m+fp/hard/libc_nano.a(libc_a-freer.o)
 .debug_info    0x00002d34      0x7c8 /usr/lib/gcc/arm-none-eabi/13.2.1/../../../arm-none-eabi/lib/thumb/v7e-m+fp/hard/libc_nano.a(libc_a-fwalk.o)
 .debug_info    0x000034fc      0x71c /usr/lib/gcc/arm-none-eabi/13.2.1/../../../arm-none-eabi/lib/thumb/v7e-m+fp/hard/libc_nano.a(libc_a-mlock.o)
 .debug_info    0x00003c18      0x778 /usr/lib/gcc/arm-none-eabi/13.2.1/../../../arm-none-eabi/lib/thumb/v7e-m+fp/hard/libc_nano.a(libc_a-sbrkr.o)
 .debug_info    0x00004390      0xa80 /usr/lib/gcc/arm-none-eabi/13.2.1/../../../arm-none-eabi/lib/thumb/v7e-m+fp/hard/libc_nano.a(libc_a-stdio.o)
 .debug_info    0x00004e10      0x70b /usr/lib/gcc/arm-none-eabi/13.2.1/../../../arm-none-eabi/lib/thumb/v7e-m+fp/hard/libc_nano.a(libc_a-impure.o)
 .debug_info    0x0000551b      0x752 /usr/lib/gcc/arm-none-eabi/13.2.1/../../../arm-none-eabi/lib/thumb/v7e-m+fp/hard/libc_nano.a(libc_a-closer.o)
 .debug_info    0x00005c6d      0x7b5 /usr/lib/gcc/arm-none-eabi/13.2.1/../../../arm-none-eabi/lib/thumb/v7e-m+fp/hard/libc_nano.a(libc_a-readr.o)
 .debug_info    0x00006422      0x89f /usr/lib/gcc/arm-none-eabi/13.2.1/../../../arm-none-eabi/lib/thumb/v7e-m+fp/hard/libc_nano.a(libc_a-reent.o)
 .debug_info    0x00006cc1      0x79e /usr/lib/gcc/arm-none-eabi/13.2.1/../../../arm-none-eabi/lib/thumb/v7e-m+fp/hard/libc_nano.a(libc_a-lseekr.o)
 .debug_info    0x0000745f      0x7bb /usr/lib/gcc/arm-none-eabi/13.2.1/../../../arm-none-eabi/lib/thumb/v7e-m+fp/hard/libc_nano.a(libc_a-writer.o)
 .debug_info    0x00007c1a      0x2e5 CMakeFiles/single_timer_interrupt.dir/Core/Src/inverter_control.c.obj
 .debug_info    0x00007eff      0xe45 CMakeFiles/single_timer_interrupt.dir/Core/Src/main.c.obj
 .debug_info    0x00008d44      0xba8 CMakeFiles/single_timer_interrupt.dir/Core/Src/stm32f3xx_it.c.obj
 .debug_info    0x000098ec      0x98f CMakeFiles/single_timer_interrupt.dir/Core/Src/stm32f3xx_hal_msp.c.obj
 .debug_info    0x0000a27b      0x6ab CMakeFiles/single_timer_interrupt.dir/USB_DEVICE/App/usb_device.c.obj
 .debug_info    0x0000a926      0x426 CMakeFiles/single_timer_interrupt.dir/USB_DEVICE/App/usbd_desc.c.obj
 .debug_info    0x0000ad4c      0x7bc CMakeFiles/single_timer_interrupt.dir/USB_DEVICE/App/usbd_cdc_if.c.obj
 .debug_info    0x0000b508     0x1a68 CMakeFiles/single_timer_interrupt.dir/USB_DEVICE/Target/usbd_conf.c.obj
 .debug_info    0x0000cf70     0x1617 CMakeFiles/single_timer_interrupt.dir/Drivers/STM32F3xx_HAL_Driver/Src/stm32f3xx_ll_usb.c.obj
 .debug_info    0x0000e587     0x164b CMakeFiles/single_timer_interrupt.dir/Drivers/STM32F3xx_HAL_Driver/Src/stm32f3xx_hal_pcd.c.obj
 .debug_info    0x0000fbd2      0x685 CMakeFiles/single_timer_interrupt.dir/Drivers/STM32F3xx_HAL_Driver/Src/stm32f3xx_hal_pcd_ex.c.obj
 .debug_info    0x00010257      0x7c8 CMakeFiles/single_timer_interrupt.dir/Drivers/STM32F3xx_HAL_Driver/Src/stm32f3xx_hal.c.obj
 .debug_info    0x00010a1f     0x145a CMakeFiles/single_timer_interrupt.dir/Drivers/STM32F3xx_HAL_Driver/Src/stm32f3xx_hal_rcc.c.obj
 .debug_info    0x00011e79      0x595 CMakeFiles/single_timer_interrupt.dir/Drivers/STM32F3xx_HAL_Driver/Src/stm32f3xx_hal_rcc_ex.c.obj
 .debug_info    0x0001240e      0x5e6 CMakeFiles/single_timer_interrupt.dir/Drivers/STM32F3xx_HAL_Driver/Src/stm32f3xx_hal_gpio.c.obj
 .debug_info    0x000129f4      0xcc0 CMakeFiles/single_timer_interrupt.dir/Drivers/STM32F3xx_HAL_Driver/Src/stm32f3xx_hal_cortex.c.obj
 .debug_info    0x000136b4     0x2a58 CMakeFiles/single_timer_interrupt.dir/Drivers/STM32F3xx_HAL_Driver/Src/stm32f3xx_hal_tim.c.obj
 .debug_info    0x0001610c     0x1555 CMakeFiles/single_timer_interrupt.dir/Drivers/STM32F3xx_HAL_Driver/Src/stm32f3xx_hal_tim_ex.c.obj
 .debug_info    0x00017661      0x3ed CMakeFiles/single_timer_interrupt.dir/Core/Src/system_stm32f3xx.c.obj
 .debug_info    0x00017a4e      0xa2e CMakeFiles/single_timer_interrupt.dir/Middlewares/ST/STM32_USB_Device_Library/Core/Src/usbd_core.c.obj
 .debug_info    0x0001847c      0x8f8 CMakeFiles/single_timer_interrupt.dir/Middlewares/ST/STM32_USB_Device_Library/Core/Src/usbd_ctlreq.c.obj
 .debug_info    0x00018d74      0x67c CMakeFiles/single_timer_interrupt.dir/Middlewares/ST/STM32_USB_Device_Library/Core/Src/usbd_ioreq.c.obj
 .debug_info    0x000193f0      0xff8 CMakeFiles/single_timer_interrupt.dir/Middlewares/ST/STM32_USB_Device_Library/Class/CDC/Src/usbd_cdc.c.obj
 .debug_info    0x0001a3e8      0x150 CMakeFiles/single_timer_interrupt.dir/Core/Src/sysmem.c.obj
 .debug_info    0x0001a538      0x6a3 CMakeFiles/single_timer_interrupt.dir/Core/Src/syscalls.c.obj
 .debug_info    0x0001abdb       0x30 CMakeFiles/single_timer_interrupt.dir/startup_stm32f303xc.s.obj
 .debug_info    0x0001ac0b      0x8f8 /usr/lib/gcc/arm-none-eabi/13.2.1/../../../arm-none-eabi/lib/thumb/v7e-m+fp/hard/libg_nano.a(libc_a-puts.o)
 .debug_info    0x0001b503      0x7bf /usr/lib/gcc/arm-none-eabi/13.2.1/../../../arm-none-eabi/lib/thumb/v7e-m+fp/hard/libg_nano.a(libc_a-putchar.o)
 .debug_info    0x0001bcc2      0x6f1 /usr/lib/gcc/arm-none-eabi/13.2.1/../../../arm-none-eabi/lib/thumb/v7e-m+fp/hard/libg_nano.a(libc_a-errno.o)
 .debug_info    0x0001c3b3      0x7b1 /usr/lib/gcc/arm-none-eabi/13.2.1/../../../arm-none-eabi/lib/thumb/v7e-m+fp/hard/libg_nano.a(libc_a-wsetup.o)
 .debug_info    0x0001cb64      0x908 /usr/lib/gcc/arm-none-eabi/13.2.1/../../../arm-none-eabi/lib/thumb/v7e-m+fp/hard/libg_nano.a(libc_a-putc.o)
 .debug_info    0x0001d46c      0xbe6 /usr/lib/gcc/arm-none-eabi/13.2.1/../../../arm-none-eabi/lib/thumb/v7e-m+fp/hard/libg_nano.a(libc_a-makebuf.o)
 .debug_info    0x0001e052      0x837 /usr/lib/gcc/arm-none-eabi/13.2.1/../../../arm-none-eabi/lib/thumb/v7e-m+fp/hard/libg_nano.a(libc_a-printf.o)
 .debug_info    0x0001e889      0x752 /usr/lib/gcc/arm-none-eabi/13.2.1/../../../arm-none-eabi/lib/thumb/v7e-m+fp/hard/libg_nano.a(libc_a-isattyr.o)
 .debug_info    0x0001efdb     0x108a /usr/lib/gcc/arm-none-eabi/13.2.1/../../../arm-none-eabi/lib/thumb/v7e-m+fp/hard/libg_nano.a(libc_a-nano-vfprintf.o)
 .debug_info    0x00020065      0x863 /usr/lib/gcc/arm-none-eabi/13.2.1/../../../arm-none-eabi/lib/thumb/v7e-m+fp/hard/libg_nano.a(libc_a-wbuf.o)
 .debug_info    0x000208c8      0xaf1 /usr/lib/gcc/arm-none-eabi/13.2.1/../../../arm-none-eabi/lib/thumb/v7e-m+fp/hard/libg_nano.a(libc_a-fvwrite.o)
 .debug_info    0x000213b9      0x148 /usr/lib/gcc/arm-none-eabi/13.2.1/../../../arm-none-eabi/lib/thumb/v7e-m+fp/hard/libg_nano.a(libc_a-memmove.o)
 .debug_info    0x00021501       0x25 /usr/lib/gcc/arm-none-eabi/13.2.1/../../../arm-none-eabi/lib/thumb/v7e-m+fp/hard/libg_nano.a(libc_a-memchr.o)
 .debug_info    0x00021526       0x33 /usr/lib/gcc/arm-none-eabi/13.2.1/../../../arm-none-eabi/lib/thumb/v7e-m+fp/hard/libg_nano.a(libc_a-memcpy.o)
 .debug_info    0x00021559      0x8cd /usr/lib/gcc/arm-none-eabi/13.2.1/../../../arm-none-eabi/lib/thumb/v7e-m+fp/hard/libg_nano.a(libc_a-reallocr.o)
 .debug_info    0x00021e26      0xdd7 /usr/lib/gcc/arm-none-eabi/13.2.1/../../../arm-none-eabi/lib/thumb/v7e-m+fp/hard/libg_nano.a(libc_a-nano-vfprintf_i.o)
 .debug_info    0x00022bfd      0x977 /usr/lib/gcc/arm-none-eabi/13.2.1/../../../arm-none-eabi/lib/thumb/v7e-m+fp/hard/libg_nano.a(libc_a-fstatr.o)